Component: Arm Compiler for Embedded 6.22 Tool: armlink [5ee90200]

==============================================================================

Section Cross References

    main.o(.ARM.exidx.text.delay_ms) refers to main.o(.text.delay_ms) for [Anonymous Symbol]
    main.o(.ARM.exidx.text.delay_us) refers to main.o(.text.delay_us) for [Anonymous Symbol]
    main.o(.text.setup_RedPill) refers to main.o(.text.delay_ms) for delay_ms
    main.o(.text.setup_RedPill) refers to main.o(.text.delay_us) for delay_us
    main.o(.ARM.exidx.text.setup_RedPill) refers to main.o(.text.setup_RedPill) for [Anonymous Symbol]
    main.o(.ARM.exidx.text.ledsON) refers to main.o(.text.ledsON) for [Anonymous Symbol]
    main.o(.ARM.exidx.text.ledsOFF) refers to main.o(.text.ledsOFF) for [Anonymous Symbol]
    main.o(.ARM.exidx.text.leds_apaga_todos) refers to main.o(.text.leds_apaga_todos) for [Anonymous Symbol]
    main.o(.text.lcd_putValue) refers to main.o(.text.delay_ms) for delay_ms
    main.o(.ARM.exidx.text.lcd_putValue) refers to main.o(.text.lcd_putValue) for [Anonymous Symbol]
    main.o(.text.lcd_command) refers to main.o(.text.lcd_putValue) for lcd_putValue
    main.o(.ARM.exidx.text.lcd_command) refers to main.o(.text.lcd_command) for [Anonymous Symbol]
    main.o(.text.lcd_data) refers to main.o(.text.lcd_putValue) for lcd_putValue
    main.o(.ARM.exidx.text.lcd_data) refers to main.o(.text.lcd_data) for [Anonymous Symbol]
    main.o(.text.lcd_print) refers to main.o(.text.lcd_data) for lcd_data
    main.o(.ARM.exidx.text.lcd_print) refers to main.o(.text.lcd_print) for [Anonymous Symbol]
    main.o(.text.lcd_init) refers to main.o(.text.delay_ms) for delay_ms
    main.o(.text.lcd_init) refers to main.o(.text.lcd_command) for lcd_command
    main.o(.text.lcd_init) refers to main.o(.text.delay_us) for delay_us
    main.o(.ARM.exidx.text.lcd_init) refers to main.o(.text.lcd_init) for [Anonymous Symbol]
    main.o(.text.adc_init) refers to main.o(.text.delay_us) for delay_us
    main.o(.ARM.exidx.text.adc_init) refers to main.o(.text.adc_init) for [Anonymous Symbol]
    main.o(.ARM.exidx.text.chaves_ler_todas) refers to main.o(.text.chaves_ler_todas) for [Anonymous Symbol]
    main.o(.ARM.exidx.text.readADC) refers to main.o(.text.readADC) for [Anonymous Symbol]
    main.o(.text.led_Thread1) refers to rtx_conf_cm.o(.text.__osSignalWait) for __osSignalWait
    main.o(.text.led_Thread1) refers to main.o(.text.leds_apaga_todos) for leds_apaga_todos
    main.o(.text.led_Thread1) refers to main.o(.bss.mode) for mode
    main.o(.text.led_Thread1) refers to main.o(.text.ledsON) for ledsON
    main.o(.text.led_Thread1) refers to main.o(.text.ledsOFF) for ledsOFF
    main.o(.text.led_Thread1) refers to main.o(.data.velocidade) for velocidade
    main.o(.text.led_Thread1) refers to rt_cmsis.o(i.osDelay) for osDelay
    main.o(.ARM.exidx.text.led_Thread1) refers to main.o(.text.led_Thread1) for [Anonymous Symbol]
    main.o(.text.led_Thread3) refers to rtx_conf_cm.o(.text.__osSignalWait) for __osSignalWait
    main.o(.text.led_Thread3) refers to main.o(.text.leds_apaga_todos) for leds_apaga_todos
    main.o(.text.led_Thread3) refers to main.o(.bss.mode) for mode
    main.o(.text.led_Thread3) refers to main.o(.text.ledsON) for ledsON
    main.o(.text.led_Thread3) refers to main.o(.data.velocidade) for velocidade
    main.o(.text.led_Thread3) refers to rt_cmsis.o(i.osDelay) for osDelay
    main.o(.text.led_Thread3) refers to main.o(.text.ledsOFF) for ledsOFF
    main.o(.ARM.exidx.text.led_Thread3) refers to main.o(.text.led_Thread3) for [Anonymous Symbol]
    main.o(.text.adc_Thread) refers to rtx_conf_cm.o(.text.__osSignalWait) for __osSignalWait
    main.o(.text.adc_Thread) refers to main.o(.bss.mode) for mode
    main.o(.text.adc_Thread) refers to main.o(.bss.ADC_VALUE) for ADC_VALUE
    main.o(.text.adc_Thread) refers to main.o(.bss.mutex_id) for mutex_id
    main.o(.text.adc_Thread) refers to rt_cmsis.o(i.osMutexWait) for osMutexWait
    main.o(.text.adc_Thread) refers to main.o(.bss.freq_buzzer) for freq_buzzer
    main.o(.text.adc_Thread) refers to rt_cmsis.o(i.osMutexRelease) for osMutexRelease
    main.o(.text.adc_Thread) refers to main.o(.text.ledsON) for ledsON
    main.o(.text.adc_Thread) refers to main.o(.text.ledsOFF) for ledsOFF
    main.o(.text.adc_Thread) refers to main.o(.bss.T_buzzer_ID) for T_buzzer_ID
    main.o(.text.adc_Thread) refers to rt_cmsis.o(i.osSignalSet) for osSignalSet
    main.o(.text.adc_Thread) refers to rt_cmsis.o(i.osDelay) for osDelay
    main.o(.ARM.exidx.text.adc_Thread) refers to main.o(.text.adc_Thread) for [Anonymous Symbol]
    main.o(.text.buzzer_Thread) refers to rtx_conf_cm.o(.text.__osSignalWait) for __osSignalWait
    main.o(.text.buzzer_Thread) refers to main.o(.bss.mutex_id) for mutex_id
    main.o(.text.buzzer_Thread) refers to rt_cmsis.o(i.osMutexWait) for osMutexWait
    main.o(.text.buzzer_Thread) refers to main.o(.bss.freq_buzzer) for freq_buzzer
[...]
    ..\rt_CMSIS.c                            0x00000000   Number         0  rt_cmsis.o ABSOLUTE
    ..\rt_Event.c                            0x00000000   Number         0  rt_event.o ABSOLUTE
    ..\rt_List.c                             0x00000000   Number         0  rt_list.o ABSOLUTE
    ..\rt_Mailbox.c                          0x00000000   Number         0  rt_mailbox.o ABSOLUTE
    ..\rt_MemBox.c                           0x00000000   Number         0  rt_membox.o ABSOLUTE
    ..\rt_Memory.c                           0x00000000   Number         0  rt_memory.o ABSOLUTE
    ..\rt_Mutex.c                            0x00000000   Number         0  rt_mutex.o ABSOLUTE
    ..\rt_Robin.c                            0x00000000   Number         0  rt_robin.o ABSOLUTE
    ..\rt_Semaphore.c                        0x00000000   Number         0  rt_semaphore.o ABSOLUTE
    ..\rt_System.c                           0x00000000   Number         0  rt_system.o ABSOLUTE
    ..\rt_Task.c                             0x00000000   Number         0  rt_task.o ABSOLUTE
    ..\rt_Time.c                             0x00000000   Number         0  rt_time.o ABSOLUTE
    HAL_CM3.c                                0x00000000   Number         0  hal_cm3.o ABSOLUTE
    HAL_CM3.c                                0x00000000   Number         0  hal_cm3.o ABSOLUTE
    RTE/Device/STM32F103C8/startup_stm32f10x_md.s 0x00000000   Number         0  startup_stm32f10x_md.o ABSOLUTE
    RTX_Conf_CM.c                            0x00000000   Number         0  rtx_conf_cm.o ABSOLUTE
    SVC_Table.s                              0x00000000   Number         0  svc_table.o ABSOLUTE
    dc.s                                     0x00000000   Number         0  dc.o ABSOLUTE
    main.c                                   0x00000000   Number         0  main.o ABSOLUTE
    system_stm32f10x.c                       0x00000000   Number         0  system_stm32f10x.o ABSOLUTE
    RESET                                    0x08000000   Section      236  startup_stm32f10x_md.o(RESET)
    !!!main                                  0x080000ec   Section        8  __main.o(!!!main)
    !!!scatter                               0x080000f4   Section       92  __scatter.o(!!!scatter)
    !!handler_copy                           0x08000150   Section       26  __scatter_copy.o(!!handler_copy)
    !!handler_null                           0x0800016c   Section        2  __scatter.o(!!handler_null)
    !!handler_zi                             0x08000170   Section       28  __scatter_zi.o(!!handler_zi)
    .ARM.Collect$$libinit$$00000000          0x0800018c   Section        2  libinit.o(.ARM.Collect$$libinit$$00000000)
    .ARM.Collect$$libinit$$00000002          0x0800018e   Section        0  libinit2.o(.ARM.Collect$$libinit$$00000002)
    .ARM.Collect$$libinit$$00000004          0x0800018e   Section        0  libinit2.o(.ARM.Collect$$libinit$$00000004)
    .ARM.Collect$$libinit$$00000006          0x0800018e   Section        0  libinit2.o(.ARM.Collect$$libinit$$00000006)
    .ARM.Collect$$libinit$$0000000C          0x0800018e   Section        0  libinit2.o(.ARM.Collect$$libinit$$0000000C)
    .ARM.Collect$$libinit$$0000000E          0x0800018e   Section        0  libinit2.o(.ARM.Collect$$libinit$$0000000E)
    .ARM.Collect$$libinit$$00000010          0x0800018e   Section        0  libinit2.o(.ARM.Collect$$libinit$$00000010)
    .ARM.Collect$$libinit$$00000013          0x0800018e   Section        0  libinit2.o(.ARM.Collect$$libinit$$00000013)
    .ARM.Collect$$libinit$$00000015          0x0800018e   Section        0  libinit2.o(.ARM.Collect$$libinit$$00000015)
    .ARM.Collect$$libinit$$00000017          0x0800018e   Section        0  libinit2.o(.ARM.Collect$$libinit$$00000017)
    .ARM.Collect$$libinit$$00000019          0x0800018e   Section        0  libinit2.o(.ARM.Collect$$libinit$$00000019)
    .ARM.Collect$$libinit$$0000001B          0x0800018e   Section        0  libinit2.o(.ARM.Collect$$libinit$$0000001B)
    .ARM.Collect$$libinit$$0000001D          0x0800018e   Section        0  libinit2.o(.ARM.Collect$$libinit$$0000001D)
    .ARM.Collect$$libinit$$0000001F          0x0800018e   Section        0  libinit2.o(.ARM.Collect$$libinit$$0000001F)
    .ARM.Collect$$libinit$$00000021          0x0800018e   Section        0  libinit2.o(.ARM.Collect$$libinit$$00000021)
    .ARM.Collect$$libinit$$00000023          0x0800018e   Section        0  libinit2.o(.ARM.Collect$$libinit$$00000023)
    .ARM.Collect$$libinit$$00000025          0x0800018e   Section        0  libinit2.o(.ARM.Collect$$libinit$$00000025)
    .ARM.Collect$$libinit$$00000027          0x0800018e   Section        0  libinit2.o(.ARM.Collect$$libinit$$00000027)
    .ARM.Collect$$libinit$$0000002E          0x0800018e   Section        0  libinit2.o(.ARM.Collect$$libinit$$0000002E)
    .ARM.Collect$$libinit$$00000030          0x0800018e   Section        0  libinit2.o(.ARM.Collect$$libinit$$00000030)
    .ARM.Collect$$libinit$$00000032          0x0800018e   Section        0  libinit2.o(.ARM.Collect$$libinit$$00000032)
    .ARM.Collect$$libinit$$00000034          0x0800018e   Section        0  libinit2.o(.ARM.Collect$$libinit$$00000034)
    .ARM.Collect$$libinit$$00000035          0x0800018e   Section        2  libinit2.o(.ARM.Collect$$libinit$$00000035)
    .ARM.Collect$$libshutdown$$00000000      0x08000190   Section        2  libshutdown.o(.ARM.Collect$$libshutdown$$00000000)
    .ARM.Collect$$libshutdown$$00000002      0x08000192   Section        0  libshutdown2.o(.ARM.Collect$$libshutdown$$00000002)
    .ARM.Collect$$libshutdown$$00000004      0x08000192   Section        0  libshutdown2.o(.ARM.Collect$$libshutdown$$00000004)
    .ARM.Collect$$libshutdown$$00000007      0x08000192   Section        0  libshutdown2.o(.ARM.Collect$$libshutdown$$00000007)
    .ARM.Collect$$libshutdown$$0000000A      0x08000192   Section        0  libshutdown2.o(.ARM.Collect$$libshutdown$$0000000A)
    .ARM.Collect$$libshutdown$$0000000C      0x08000192   Section        0  libshutdown2.o(.ARM.Collect$$libshutdown$$0000000C)
    .ARM.Collect$$libshutdown$$0000000F      0x08000192   Section        0  libshutdown2.o(.ARM.Collect$$libshutdown$$0000000F)
    .ARM.Collect$$libshutdown$$00000010      0x08000192   Section        2  libshutdown2.o(.ARM.Collect$$libshutdown$$00000010)
    .ARM.Collect$$rtentry$$00000000          0x08000194   Section        0  __rtentry.o(.ARM.Collect$$rtentry$$00000000)
    .ARM.Collect$$rtentry$$00000002          0x08000194   Section        0  __rtentry2.o(.ARM.Collect$$rtentry$$00000002)
    .ARM.Collect$$rtentry$$00000004          0x08000194   Section        6  __rtentry4.o(.ARM.Collect$$rtentry$$00000004)
    .ARM.Collect$$rtentry$$00000009          0x0800019a   Section        0  __rtentry2.o(.ARM.Collect$$rtentry$$00000009)
    .ARM.Collect$$rtentry$$0000000A          0x0800019a   Section        4  __rtentry2.o(.ARM.Collect$$rtentry$$0000000A)
    .ARM.Collect$$rtentry$$0000000B          0x0800019e   Section        8  __rtentry2.o(.ARM.Collect$$rtentry$$0000000B)
    .ARM.Collect$$rtentry$$0000000D          0x080001a6   Section        8  __rtentry2.o(.ARM.Collect$$rtentry$$0000000D)
    .ARM.Collect$$rtexit$$00000000           0x080001ae   Section        2  rtexit.o(.ARM.Collect$$rtexit$$00000000)
    .ARM.Collect$$rtexit$$00000002           0x080001b0   Section        0  rtexit2.o(.ARM.Collect$$rtexit$$00000002)
    .ARM.Collect$$rtexit$$00000003           0x080001b0   Section        4  rtexit2.o(.ARM.Collect$$rtexit$$00000003)
    .ARM.Collect$$rtexit$$00000004           0x080001b4   Section        6  rtexit2.o(.ARM.Collect$$rtexit$$00000004)
    .emb_text                                0x080001bc   Section      304  hal_cm3.o(.emb_text)
    .text                                    0x080002ec   Section       64  startup_stm32f10x_md.o(.text)
    .text                                    0x0800032c   Section        8  libspace.o(.text)
    .text                                    0x08000334   Section        0  heapauxi.o(.text)
    .text                                    0x0800033a   Section       74  sys_stackheap_outer.o(.text)
    .text                                    0x08000384   Section        0  exit.o(.text)
    .text                                    0x08000398   Section        0  sys_exit.o(.text)
    .text                                    0x080003a4   Section        2  use_no_semi.o(.text)
    .text                                    0x080003a6   Section        0  indicate_semi.o(.text)
    SetSysClock                              0x080003a9   Thumb Code     8  system_stm32f10x.o(.text.SetSysClock)
    [Anonymous Symbol]                       0x080003a8   Section        0  system_stm32f10x.o(.text.SetSysClock)
    SetSysClockTo72                          0x080003b1   Thumb Code   290  system_stm32f10x.o(.text.SetSysClockTo72)
    [Anonymous Symbol]                       0x080003b0   Section        0  system_stm32f10x.o(.text.SetSysClockTo72)
    [Anonymous Symbol]                       0x080004d4   Section        0  system_stm32f10x.o(.text.SystemInit)
    [Anonymous Symbol]                       0x0800053c   Section        0  rtx_conf_cm.o(.text.__osSignalWait)
    __tagsym$$used.0                         0x08000564   Number         0  rtx_conf_cm.o(.text._mutex_acquire)
    [Anonymous Symbol]                       0x08000564   Section        0  rtx_conf_cm.o(.text._mutex_acquire)
    __tagsym$$used.1                         0x080005ac   Number         0  rtx_conf_cm.o(.text._mutex_release)
    [Anonymous Symbol]                       0x080005ac   Section        0  rtx_conf_cm.o(.text._mutex_release)
    [Anonymous Symbol]                       0x080005e4   Section        0  rtx_conf_cm.o(.text._platform_post_lib_init)
    [Anonymous Symbol]                       0x08000600   Section        0  main.o(.text.adc_Thread)
    [Anonymous Symbol]                       0x080006b4   Section        0  main.o(.text.adc_init)
    [Anonymous Symbol]                       0x080006e0   Section        0  main.o(.text.buzzer_Thread)
    [Anonymous Symbol]                       0x080007b4   Section        0  main.o(.text.chaves_ler_todas)
    [Anonymous Symbol]                       0x080009a0   Section        0  main.o(.text.control_mode)
    [Anonymous Symbol]                       0x08000c84   Section        0  main.o(.text.delay_ms)
    [Anonymous Symbol]                       0x08000cd0   Section        0  main.o(.text.delay_us)
    [Anonymous Symbol]                       0x08000d18   Section        0  main.o(.text.lcd_Thread)
    [Anonymous Symbol]                       0x08000f2c   Section        0  main.o(.text.lcd_command)
    [Anonymous Symbol]                       0x08000f50   Section        0  main.o(.text.lcd_data)
    [Anonymous Symbol]                       0x08000f74   Section        0  main.o(.text.lcd_init)
    [Anonymous Symbol]                       0x08000fe4   Section        0  main.o(.text.lcd_print)
    [Anonymous Symbol]                       0x0800101c   Section        0  main.o(.text.lcd_putValue)
    [Anonymous Symbol]                       0x08001118   Section        0  main.o(.text.led_Thread1)
    [Anonymous Symbol]                       0x080011dc   Section        0  main.o(.text.led_Thread3)
    [Anonymous Symbol]                       0x08001278   Section        0  main.o(.text.ledsOFF)
    [Anonymous Symbol]                       0x0800132c   Section        0  main.o(.text.ledsON)
    [Anonymous Symbol]                       0x080013e0   Section        0  main.o(.text.leds_apaga_todos)
    [Anonymous Symbol]                       0x080013f4   Section        0  main.o(.text.main)
    [Anonymous Symbol]                       0x080014bc   Section        0  rtx_conf_cm.o(.text.os_error)
    [Anonymous Symbol]                       0x080014e4   Section        0  rtx_conf_cm.o(.text.os_idle_demon)
    [Anonymous Symbol]                       0x080014e8   Section        0  main.o(.text.readADC)
    [Anonymous Symbol]                       0x0800150c   Section        0  main.o(.text.setup_RedPill)
    SVC_TABLE                                0x080015ec   Section        4  svc_table.o(SVC_TABLE)
    i._init_box                              0x080015f0   Section        0  rt_membox.o(i._init_box)
    i.dbg_init                               0x08001638   Section        0  hal_cm.o(i.dbg_init)
    i.dbg_task_notify                        0x08001668   Section        0  hal_cm.o(i.dbg_task_notify)
    i.dbg_task_switch                        0x08001688   Section        0  hal_cm.o(i.dbg_task_switch)
    i.isrMessageGet                          0x08001698   Section        0  rt_cmsis.o(i.isrMessageGet)
    i.isrMessagePut                          0x080016c2   Section        0  rt_cmsis.o(i.isrMessagePut)
    i.isrSignalSet                           0x080016ee   Section        0  rt_cmsis.o(i.isrSignalSet)
    i.isr_evt_set                            0x08001714   Section        0  rt_event.o(i.isr_evt_set)
    i.isr_mbx_receive                        0x0800173c   Section        0  rt_mailbox.o(i.isr_mbx_receive)
    i.isr_mbx_send                           0x08001792   Section        0  rt_mailbox.o(i.isr_mbx_send)
    i.osDelay                                0x080017a0   Section        0  rt_cmsis.o(i.osDelay)
    i.osKernelInitialize                     0x080017b8   Section        0  rt_cmsis.o(i.osKernelInitialize)
    i.osKernelStart                          0x080017dc   Section        0  rt_cmsis.o(i.osKernelStart)
    i.osMessageGet                           0x08001848   Section        0  rt_cmsis.o(i.osMessageGet)
    i.osMutexCreate                          0x08001860   Section        0  rt_cmsis.o(i.osMutexCreate)
    i.osMutexRelease                         0x0800188c   Section        0  rt_cmsis.o(i.osMutexRelease)
    i.osMutexWait                            0x080018a4   Section        0  rt_cmsis.o(i.osMutexWait)
    i.osSignalSet                            0x080018bc   Section        0  rt_cmsis.o(i.osSignalSet)
    i.osSignalWait                           0x080018d4   Section        0  rt_cmsis.o(i.osSignalWait)
    i.osThreadCreate                         0x080018ec   Section        0  rt_cmsis.o(i.osThreadCreate)
    i.osThreadExit                           0x08001918   Section        0  rt_cmsis.o(i.osThreadExit)
    i.osTimerCall                            0x08001930   Section        0  rt_cmsis.o(i.osTimerCall)
    i.osTimerThread                          0x0800193c   Section        0  rt_cmsis.o(i.osTimerThread)
    i.os_tick_init                           0x08001968   Section        0  rt_system.o(i.os_tick_init)
    i.os_tick_irqack                         0x08001990   Section        0  rt_system.o(i.os_tick_irqack)
    i.rt_alloc_box                           0x08001992   Section        0  rt_membox.o(i.rt_alloc_box)
    i.rt_alloc_mem                           0x080019ac   Section        0  rt_memory.o(i.rt_alloc_mem)
    i.rt_block                               0x080019ec   Section        0  rt_task.o(i.rt_block)
    i.rt_chk_robin                           0x08001a24   Section        0  rt_robin.o(i.rt_chk_robin)
    i.rt_dec_dly                             0x08001a6c   Section        0  rt_list.o(i.rt_dec_dly)
    i.rt_dispatch                            0x08001adc   Section        0  rt_task.o(i.rt_dispatch)
    i.rt_dly_wait                            0x08001b20   Section        0  rt_time.o(i.rt_dly_wait)
    i.rt_evt_psh                             0x08001b28   Section        0  rt_event.o(i.rt_evt_psh)
    i.rt_evt_set                             0x08001b78   Section        0  rt_event.o(i.rt_evt_set)
    i.rt_evt_wait                            0x08001bd4   Section        0  rt_event.o(i.rt_evt_wait)
    i.rt_free_box                            0x08001c10   Section        0  rt_membox.o(i.rt_free_box)
    i.rt_free_mem                            0x08001c3c   Section        0  rt_memory.o(i.rt_free_mem)
    i.rt_get_first                           0x08001c64   Section        0  rt_list.o(i.rt_get_first)
    rt_id2obj                                0x08001c8d   Thumb Code     8  rt_cmsis.o(i.rt_id2obj)
    i.rt_id2obj                              0x08001c8c   Section        0  rt_cmsis.o(i.rt_id2obj)
    rt_init_context                          0x08001c95   Thumb Code    66  rt_task.o(i.rt_init_context)
    i.rt_init_context                        0x08001c94   Section        0  rt_task.o(i.rt_init_context)
    i.rt_init_mem                            0x08001cdc   Section        0  rt_memory.o(i.rt_init_mem)
    i.rt_init_robin                          0x08001cf8   Section        0  rt_robin.o(i.rt_init_robin)
    i.rt_init_stack                          0x08001d10   Section        0  hal_cm.o(i.rt_init_stack)
    i.rt_mbx_check                           0x08001d90   Section        0  rt_mailbox.o(i.rt_mbx_check)
    i.rt_mbx_init                            0x08001d98   Section        0  rt_mailbox.o(i.rt_mbx_init)
    i.rt_mbx_psh                             0x08001db4   Section        0  rt_mailbox.o(i.rt_mbx_psh)
    i.rt_mbx_wait                            0x08001ea4   Section        0  rt_mailbox.o(i.rt_mbx_wait)
    rt_ms2tick                               0x08001f59   Thumb Code    58  rt_cmsis.o(i.rt_ms2tick)
    i.rt_ms2tick                             0x08001f58   Section        0  rt_cmsis.o(i.rt_ms2tick)
    i.rt_mut_init                            0x08001f9c   Section        0  rt_mutex.o(i.rt_mut_init)
    i.rt_mut_release                         0x08001fac   Section        0  rt_mutex.o(i.rt_mut_release)
    i.rt_mut_wait                            0x08002084   Section        0  rt_mutex.o(i.rt_mut_wait)
    i.rt_pop_req                             0x080020fc   Section        0  rt_system.o(i.rt_pop_req)
    i.rt_psh_req                             0x08002178   Section        0  rt_system.o(i.rt_psh_req)
    i.rt_psq_enq                             0x08002198   Section        0  rt_list.o(i.rt_psq_enq)
    i.rt_put_dly                             0x080021f4   Section        0  rt_list.o(i.rt_put_dly)
    i.rt_put_prio                            0x0800223c   Section        0  rt_list.o(i.rt_put_prio)
    i.rt_put_rdy_first                       0x08002274   Section        0  rt_list.o(i.rt_put_rdy_first)
    i.rt_resort_prio                         0x08002288   Section        0  rt_list.o(i.rt_resort_prio)
    i.rt_ret_val                             0x080022bc   Section        0  hal_cm.o(i.rt_ret_val)
    i.rt_ret_val2                            0x080022c2   Section        0  hal_cm.o(i.rt_ret_val2)
    i.rt_rmv_dly                             0x080022ca   Section        0  rt_list.o(i.rt_rmv_dly)
    i.rt_rmv_list                            0x080022f4   Section        0  rt_list.o(i.rt_rmv_list)
    i.rt_sem_psh                             0x08002324   Section        0  rt_semaphore.o(i.rt_sem_psh)
    i.rt_stk_check                           0x08002358   Section        0  rt_system.o(i.rt_stk_check)
    i.rt_switch_req                          0x0800237c   Section        0  rt_task.o(i.rt_switch_req)
    i.rt_sys_init                            0x080023a4   Section        0  rt_task.o(i.rt_sys_init)
    i.rt_sys_start                           0x08002470   Section        0  rt_task.o(i.rt_sys_start)
    i.rt_systick                             0x080024e8   Section        0  rt_system.o(i.rt_systick)
    rt_tid2ptcb                              0x08002529   Thumb Code    18  rt_cmsis.o(i.rt_tid2ptcb)
    i.rt_tid2ptcb                            0x08002528   Section        0  rt_cmsis.o(i.rt_tid2ptcb)
    rt_timer_insert                          0x0800253d   Thumb Code    48  rt_cmsis.o(i.rt_timer_insert)
    i.rt_timer_insert                        0x0800253c   Section        0  rt_cmsis.o(i.rt_timer_insert)
    i.rt_tsk_create                          0x08002570   Section        0  rt_task.o(i.rt_tsk_create)
    i.rt_tsk_delete                          0x080025f8   Section        0  rt_task.o(i.rt_tsk_delete)
    i.rt_tsk_prio                            0x08002774   Section        0  rt_task.o(i.rt_tsk_prio)
    i.rt_tsk_self                            0x080027f0   Section        0  rt_task.o(i.rt_tsk_self)
    i.svcDelay                               0x08002800   Section        0  rt_cmsis.o(i.svcDelay)
    i.svcKernelInitialize                    0x08002814   Section        0  rt_cmsis.o(i.svcKernelInitialize)
    i.svcKernelStart                         0x08002884   Section        0  rt_cmsis.o(i.svcKernelStart)
    i.svcMessageCreate                       0x080028cc   Section        0  rt_cmsis.o(i.svcMessageCreate)
    i.svcMessageGet                          0x080028f0   Section        0  rt_cmsis.o(i.svcMessageGet)
    i.svcMutexCreate                         0x0800292a   Section        0  rt_cmsis.o(i.svcMutexCreate)
    i.svcMutexRelease                        0x08002946   Section        0  rt_cmsis.o(i.svcMutexRelease)
    i.svcMutexWait                           0x08002968   Section        0  rt_cmsis.o(i.svcMutexWait)
    i.svcSignalSet                           0x080029a2   Section        0  rt_cmsis.o(i.svcSignalSet)
    i.svcSignalWait                          0x080029c8   Section        0  rt_cmsis.o(i.svcSignalWait)
    i.svcThreadCreate                        0x08002a1c   Section        0  rt_cmsis.o(i.svcThreadCreate)
    i.svcThreadGetId                         0x08002a88   Section        0  rt_cmsis.o(i.svcThreadGetId)
    i.svcThreadTerminate                     0x08002aa4   Section        0  rt_cmsis.o(i.svcThreadTerminate)
    i.svcTimerCall                           0x08002adc   Section        0  rt_cmsis.o(i.svcTimerCall)
    i.sysTimerTick                           0x08002af4   Section        0  rt_cmsis.o(i.sysTimerTick)
    __tagsym$$used.2                         0x08002b50   Number         0  rtx_conf_cm.o(.rodata.CMSIS_RTOS_API_Version)
    __tagsym$$used.3                         0x08002b54   Number         0  rtx_conf_cm.o(.rodata.CMSIS_RTOS_RTX_Version)
    __tagsym$$used.4                         0x08002b60   Number         0  rtx_conf_cm.o(.rodata.os_clockrate)
    __tagsym$$used.5                         0x08002c00   Number         0  rtx_conf_cm.o(.rodata.os_timernum)
    .L.str.9                                 0x08002c08   Data          17  main.o(.rodata.str1.1)
    [Anonymous Symbol]                       0x08002c08   Section        0  main.o(.rodata.str1.1)
    .L.str                                   0x08002c19   Data          17  main.o(.rodata.str1.1)
    .L.str.2                                 0x08002c2a   Data          17  main.o(.rodata.str1.1)
    .L.str.4                                 0x08002c3b   Data          17  main.o(.rodata.str1.1)
    .L.str.6                                 0x08002c4c   Data          17  main.o(.rodata.str1.1)
    .L.str.8                                 0x08002c5d   Data          17  main.o(.rodata.str1.1)
    .L.str.13                                0x08002c6e   Data          17  main.o(.rodata.str1.1)
    .L.str.3                                 0x08002c7f   Data          17  main.o(.rodata.str1.1)
    .L.str.14                                0x08002c90   Data          17  main.o(.rodata.str1.1)
    .L.str.17                                0x08002ca1   Data          19  main.o(.rodata.str1.1)
    .L.str.16                                0x08002cb4   Data          18  main.o(.rodata.str1.1)
    .L.str.15                                0x08002cc6   Data          17  main.o(.rodata.str1.1)
    .L.str.5                                 0x08002cd7   Data          17  main.o(.rodata.str1.1)
    .L.str.11                                0x08002ce8   Data          17  main.o(.rodata.str1.1)
    .L.str.7                                 0x08002cf9   Data          17  main.o(.rodata.str1.1)
    .L.str.10                                0x08002d0a   Data          17  main.o(.rodata.str1.1)
    .L.str.12                                0x08002d1b   Data          17  main.o(.rodata.str1.1)
    .L.str.1                                 0x08002d2c   Data          17  main.o(.rodata.str1.1)
    .data                                    0x20000004   Section        8  rt_cmsis.o(.data)
    .data                                    0x2000000c   Section        8  rt_task.o(.data)
    os_lock                                  0x20000014   Data           1  rt_system.o(.data)
    .data                                    0x20000014   Section        8  rt_system.o(.data)
    os_psh_flag                              0x20000015   Data           1  rt_system.o(.data)
    pend_flags                               0x20000016   Data           1  rt_system.o(.data)
    .data                                    0x2000001c   Section        4  rt_time.o(.data)
    .data                                    0x20000020   Section        8  rt_robin.o(.data)
    .data                                    0x20000028   Section        1  hal_cm.o(.data)
    .bss                                     0x20000030   Section       52  rt_task.o(.bss)
    .bss                                     0x20000064   Section       48  rt_list.o(.bss)
    .bss                                     0x20000094   Section       96  libspace.o(.bss)
    Heap_Mem                                 0x20000af0   Data         512  startup_stm32f10x_md.o(HEAP)
    HEAP                                     0x20000af0   Section      512  startup_stm32f10x_md.o(HEAP)
    Stack_Mem                                0x20000cf0   Data        1024  startup_stm32f10x_md.o(STACK)
    STACK                                    0x20000cf0   Section     1024  startup_stm32f10x_md.o(STACK)
    __initial_sp                             0x200010f0   Data           0  startup_stm32f10x_md.o(STACK)

    Global Symbols

    Symbol Name                              Value     Ov Type        Size  Object(Section)

    BuildAttributes$$THM_ISAv4$P$D$K$B$S$PE$A:L22UL41UL21$X:L11$S22US41US21$IEEE1$IW$~IW$USESV6$~STKCKD$USESV7$~SHL$OSPACE$ROPI$EBA8$UX$STANDARDLIB$REQ8$PRES8$EABIv2 0x00000000   Number         0  anon$$obj.o ABSOLUTE
    __fp_init_empty                          0x00000000   Number         0  fpinit_empty.o ABSOLUTE
    __ARM_exceptions_init                     - Undefined Weak Reference
    __alloca_initialize                       - Undefined Weak Reference
    __arm_preinit_                            - Undefined Weak Reference
    __arm_relocate_pie_                       - Undefined Weak Reference
    __cpp_initialize__aeabi_                  - Undefined Weak Reference
    __cxa_finalize                            - Undefined Weak Reference
    __rt_locale                               - Undefined Weak Reference
    __sigvec_lookup                           - Undefined Weak Reference
    _atexit_init                              - Undefined Weak Reference
    _call_atexit_fns                          - Undefined Weak Reference
    _clock_init                               - Undefined Weak Reference
    _fp_trap_init                             - Undefined Weak Reference
    _fp_trap_shutdown                         - Undefined Weak Reference
    _get_lc_collate                           - Undefined Weak Reference
    _get_lc_ctype                             - Undefined Weak Reference
    _get_lc_monetary                          - Undefined Weak Reference
    _get_lc_numeric                           - Undefined Weak Reference
    _get_lc_time                              - Undefined Weak Reference
    _getenv_init                              - Undefined Weak Reference
    _handle_redirection                       - Undefined Weak Reference
    _init_alloc                               - Undefined Weak Reference
    _init_user_alloc                          - Undefined Weak Reference
    _initio                                   - Undefined Weak Reference
    _rand_init                                - Undefined Weak Reference
    _signal_finish                            - Undefined Weak Reference
    _signal_init                              - Undefined Weak Reference
    _terminate_alloc                          - Undefined Weak Reference
    _terminate_user_alloc                     - Undefined Weak Reference
    _terminateio                              - Undefined Weak Reference
    __Vectors_Size                           0x000000ec   Number         0  startup_stm32f10x_md.o ABSOLUTE
    __RL_RTX_VER                             0x00000482   Number         0  rt_system.o ABSOLUTE
    __Vectors                                0x08000000   Data           4  startup_stm32f10x_md.o(RESET)
    __Vectors_End                            0x080000ec   Data           0  startup_stm32f10x_md.o(RESET)
    __main                                   0x080000ed   Thumb Code     8  __main.o(!!!main)
    __scatterload                            0x080000f5   Thumb Code     0  __scatter.o(!!!scatter)
    __scatterload_rt2                        0x080000f5   Thumb Code    84  __scatter.o(!!!scatter)
    __scatterload_rt2_thumb_only             0x080000f5   Thumb Code     0  __scatter.o(!!!scatter)
    __scatterload_loop                       0x080000ff   Thumb Code     0  __scatter.o(!!!scatter)
    __scatterload_copy                       0x08000151   Thumb Code    26  __scatter_copy.o(!!handler_copy)
    __scatterload_null                       0x0800016d   Thumb Code     2  __scatter.o(!!handler_null)
    __scatterload_zeroinit                   0x08000171   Thumb Code    28  __scatter_zi.o(!!handler_zi)
    __rt_lib_init                            0x0800018d   Thumb Code     0  libinit.o(.ARM.Collect$$libinit$$00000000)
    __rt_lib_init_alloca_1                   0x0800018f   Thumb Code     0  libinit2.o(.ARM.Collect$$libinit$$00000030)
    __rt_lib_init_argv_1                     0x0800018f   Thumb Code     0  libinit2.o(.ARM.Collect$$libinit$$0000002E)
    __rt_lib_init_atexit_1                   0x0800018f   Thumb Code     0  libinit2.o(.ARM.Collect$$libinit$$0000001D)
    __rt_lib_init_clock_1                    0x0800018f   Thumb Code     0  libinit2.o(.ARM.Collect$$libinit$$00000023)
    __rt_lib_init_cpp_1                      0x0800018f   Thumb Code     0  libinit2.o(.ARM.Collect$$libinit$$00000034)
    __rt_lib_init_exceptions_1               0x0800018f   Thumb Code     0  libinit2.o(.ARM.Collect$$libinit$$00000032)
    __rt_lib_init_fp_1                       0x0800018f   Thumb Code     0  libinit2.o(.ARM.Collect$$libinit$$00000002)
    __rt_lib_init_fp_trap_1                  0x0800018f   Thumb Code     0  libinit2.o(.ARM.Collect$$libinit$$00000021)
    __rt_lib_init_getenv_1                   0x0800018f   Thumb Code     0  libinit2.o(.ARM.Collect$$libinit$$00000025)
    __rt_lib_init_heap_1                     0x0800018f   Thumb Code     0  libinit2.o(.ARM.Collect$$libinit$$0000000C)
    __rt_lib_init_lc_collate_1               0x0800018f   Thumb Code     0  libinit2.o(.ARM.Collect$$libinit$$00000013)
    __rt_lib_init_lc_ctype_1                 0x0800018f   Thumb Code     0  libinit2.o(.ARM.Collect$$libinit$$00000015)
    __rt_lib_init_lc_monetary_1              0x0800018f   Thumb Code     0  libinit2.o(.ARM.Collect$$libinit$$00000017)
    __rt_lib_init_lc_numeric_1               0x0800018f   Thumb Code     0  libinit2.o(.ARM.Collect$$libinit$$00000019)
    __rt_lib_init_lc_time_1                  0x0800018f   Thumb Code     0  libinit2.o(.ARM.Collect$$libinit$$0000001B)
    __rt_lib_init_preinit_1                  0x0800018f   Thumb Code     0  libinit2.o(.ARM.Collect$$libinit$$00000006)
    __rt_lib_init_rand_1                     0x0800018f   Thumb Code     0  libinit2.o(.ARM.Collect$$libinit$$00000010)
    __rt_lib_init_relocate_pie_1             0x0800018f   Thumb Code     0  libinit2.o(.ARM.Collect$$libinit$$00000004)
    __rt_lib_init_return                     0x0800018f   Thumb Code     0  libinit2.o(.ARM.Collect$$libinit$$00000035)
    __rt_lib_init_signal_1                   0x0800018f   Thumb Code     0  libinit2.o(.ARM.Collect$$libinit$$0000001F)
    __rt_lib_init_stdio_1                    0x0800018f   Thumb Code     0  libinit2.o(.ARM.Collect$$libinit$$00000027)
    __rt_lib_init_user_alloc_1               0x0800018f   Thumb Code     0  libinit2.o(.ARM.Collect$$libinit$$0000000E)
    __rt_lib_shutdown                        0x08000191   Thumb Code     0  libshutdown.o(.ARM.Collect$$libshutdown$$00000000)
    __rt_lib_shutdown_cpp_1                  0x08000193   Thumb Code     0  libshutdown2.o(.ARM.Collect$$libshutdown$$00000002)
    __rt_lib_shutdown_fp_trap_1              0x08000193   Thumb Code     0  libshutdown2.o(.ARM.Collect$$libshutdown$$00000007)
    __rt_lib_shutdown_heap_1                 0x08000193   Thumb Code     0  libshutdown2.o(.ARM.Collect$$libshutdown$$0000000F)
    __rt_lib_shutdown_return                 0x08000193   Thumb Code     0  libshutdown2.o(.ARM.Collect$$libshutdown$$00000010)
    __rt_lib_shutdown_signal_1               0x08000193   Thumb Code     0  libshutdown2.o(.ARM.Collect$$libshutdown$$0000000A)
    __rt_lib_shutdown_stdio_1                0x08000193   Thumb Code     0  libshutdown2.o(.ARM.Collect$$libshutdown$$00000004)
    __rt_lib_shutdown_user_alloc_1           0x08000193   Thumb Code     0  libshutdown2.o(.ARM.Collect$$libshutdown$$0000000C)
    __rt_entry                               0x08000195   Thumb Code     0  __rtentry.o(.ARM.Collect$$rtentry$$00000000)
    __rt_entry_presh_1                       0x08000195   Thumb Code     0  __rtentry2.o(.ARM.Collect$$rtentry$$00000002)
    __rt_entry_sh                            0x08000195   Thumb Code     0  __rtentry4.o(.ARM.Collect$$rtentry$$00000004)
    __rt_entry_li                            0x0800019b   Thumb Code     0  __rtentry2.o(.ARM.Collect$$rtentry$$0000000A)
    __rt_entry_postsh_1                      0x0800019b   Thumb Code     0  __rtentry2.o(.ARM.Collect$$rtentry$$00000009)
    __rt_entry_postli_1                      0x0800019f   Thumb Code     0  __rtentry2.o(.ARM.Collect$$rtentry$$0000000B)
    __rt_entry_main                          0x080001a7   Thumb Code     0  __rtentry2.o(.ARM.Collect$$rtentry$$0000000D)
    __rt_exit                                0x080001af   Thumb Code     0  rtexit.o(.ARM.Collect$$rtexit$$00000000)
    __rt_exit_ls                             0x080001b1   Thumb Code     0  rtexit2.o(.ARM.Collect$$rtexit$$00000003)
    __rt_exit_prels_1                        0x080001b1   Thumb Code     0  rtexit2.o(.ARM.Collect$$rtexit$$00000002)
    __rt_exit_exit                           0x080001b5   Thumb Code     0  rtexit2.o(.ARM.Collect$$rtexit$$00000004)
    rt_set_PSP                               0x080001bd   Thumb Code     6  hal_cm3.o(.emb_text)
    rt_get_PSP                               0x080001c3   Thumb Code     6  hal_cm3.o(.emb_text)
    os_set_env                               0x080001c9   Thumb Code    24  hal_cm3.o(.emb_text)
    _alloc_box                               0x080001e5   Thumb Code    28  hal_cm3.o(.emb_text)
    _free_box                                0x08000205   Thumb Code    28  hal_cm3.o(.emb_text)
    SVC_Handler                              0x08000225   Thumb Code   108  hal_cm3.o(.emb_text)
    PendSV_Handler                           0x0800029d   Thumb Code    56  hal_cm3.o(.emb_text)
    SysTick_Handler                          0x080002d9   Thumb Code     8  hal_cm3.o(.emb_text)
    OS_Tick_Handler                          0x080002e1   Thumb Code    12  hal_cm3.o(.emb_text)
    Reset_Handler                            0x080002ed   Thumb Code     8  startup_stm32f10x_md.o(.text)
    NMI_Handler                              0x080002f5   Thumb Code     2  startup_stm32f10x_md.o(.text)
    HardFault_Handler                        0x080002f7   Thumb Code     2  startup_stm32f10x_md.o(.text)
    MemManage_Handler                        0x080002f9   Thumb Code     2  startup_stm32f10x_md.o(.text)
    BusFault_Handler                         0x080002fb   Thumb Code     2  startup_stm32f10x_md.o(.text)
    UsageFault_Handler                       0x080002fd   Thumb Code     2  startup_stm32f10x_md.o(.text)
    DebugMon_Handler                         0x08000301   Thumb Code     2  startup_stm32f10x_md.o(.text)
    ADC1_2_IRQHandler                        0x08000307   Thumb Code     0  startup_stm32f10x_md.o(.text)
    CAN1_RX1_IRQHandler                      0x08000307   Thumb Code     0  startup_stm32f10x_md.o(.text)
    CAN1_SCE_IRQHandler                      0x08000307   Thumb Code     0  startup_stm32f10x_md.o(.text)
    DMA1_Channel1_IRQHandler                 0x08000307   Thumb Code     0  startup_stm32f10x_md.o(.text)
    DMA1_Channel2_IRQHandler                 0x08000307   Thumb Code     0  startup_stm32f10x_md.o(.text)
    DMA1_Channel3_IRQHandler                 0x08000307   Thumb Code     0  startup_stm32f10x_md.o(.text)
    DMA1_Channel4_IRQHandler                 0x08000307   Thumb Code     0  startup_stm32f10x_md.o(.text)
    DMA1_Channel5_IRQHandler                 0x08000307   Thumb Code     0  startup_stm32f10x_md.o(.text)
    DMA1_Channel6_IRQHandler                 0x08000307   Thumb Code     0  startup_stm32f10x_md.o(.text)
    DMA1_Channel7_IRQHandler                 0x08000307   Thumb Code     0  startup_stm32f10x_md.o(.text)
    EXTI0_IRQHandler                         0x08000307   Thumb Code     0  startup_stm32f10x_md.o(.text)
    EXTI15_10_IRQHandler                     0x08000307   Thumb Code     0  startup_stm32f10x_md.o(.text)
    EXTI1_IRQHandler                         0x08000307   Thumb Code     0  startup_stm32f10x_md.o(.text)
    EXTI2_IRQHandler                         0x08000307   Thumb Code     0  startup_stm32f10x_md.o(.text)
    EXTI3_IRQHandler                         0x08000307   Thumb Code     0  startup_stm32f10x_md.o(.text)
    EXTI4_IRQHandler                         0x08000307   Thumb Code     0  startup_stm32f10x_md.o(.text)
    EXTI9_5_IRQHandler                       0x08000307   Thumb Code     0  startup_stm32f10x_md.o(.text)
    FLASH_IRQHandler                         0x08000307   Thumb Code     0  startup_stm32f10x_md.o(.text)
    I2C1_ER_IRQHandler                       0x08000307   Thumb Code     0  startup_stm32f10x_md.o(.text)
    I2C1_EV_IRQHandler                       0x08000307   Thumb Code     0  startup_stm32f10x_md.o(.text)
    I2C2_ER_IRQHandler                       0x08000307   Thumb Code     0  startup_stm32f10x_md.o(.text)
    I2C2_EV_IRQHandler                       0x08000307   Thumb Code     0  startup_stm32f10x_md.o(.text)
    PVD_IRQHandler                           0x08000307   Thumb Code     0  startup_stm32f10x_md.o(.text)
    RCC_IRQHandler                           0x08000307   Thumb Code     0  startup_stm32f10x_md.o(.text)
    RTCAlarm_IRQHandler                      0x08000307   Thumb Code     0  startup_stm32f10x_md.o(.text)
    RTC_IRQHandler                           0x08000307   Thumb Code     0  startup_stm32f10x_md.o(.text)
    SPI1_IRQHandler                          0x08000307   Thumb Code     0  startup_stm32f10x_md.o(.text)
    SPI2_IRQHandler                          0x08000307   Thumb Code     0  startup_stm32f10x_md.o(.text)
    TAMPER_IRQHandler                        0x08000307   Thumb Code     0  startup_stm32f10x_md.o(.text)
    TIM1_BRK_IRQHandler                      0x08000307   Thumb Code     0  startup_stm32f10x_md.o(.text)
    TIM1_CC_IRQHandler                       0x08000307   Thumb Code     0  startup_stm32f10x_md.o(.text)
    TIM1_TRG_COM_IRQHandler                  0x08000307   Thumb Code     0  startup_stm32f10x_md.o(.text)
    TIM1_UP_IRQHandler                       0x08000307   Thumb Code     0  startup_stm32f10x_md.o(.text)
    TIM2_IRQHandler                          0x08000307   Thumb Code     0  startup_stm32f10x_md.o(.text)
    TIM3_IRQHandler                          0x08000307   Thumb Code     0  startup_stm32f10x_md.o(.text)
    TIM4_IRQHandler                          0x08000307   Thumb Code     0  startup_stm32f10x_md.o(.text)
    USART1_IRQHandler                        0x08000307   Thumb Code     0  startup_stm32f10x_md.o(.text)
    USART2_IRQHandler                        0x08000307   Thumb Code     0  startup_stm32f10x_md.o(.text)
    USART3_IRQHandler                        0x08000307   Thumb Code     0  startup_stm32f10x_md.o(.text)
    USBWakeUp_IRQHandler                     0x08000307   Thumb Code     0  startup_stm32f10x_md.o(.text)
    USB_HP_CAN1_TX_IRQHandler                0x08000307   Thumb Code     0  startup_stm32f10x_md.o(.text)
    USB_LP_CAN1_RX0_IRQHandler               0x08000307   Thumb Code     0  startup_stm32f10x_md.o(.text)
    WWDG_IRQHandler                          0x08000307   Thumb Code     0  startup_stm32f10x_md.o(.text)
    __user_initial_stackheap                 0x08000309   Thumb Code     0  startup_stm32f10x_md.o(.text)
    __user_libspace                          0x0800032d   Thumb Code     8  libspace.o(.text)
    __user_perproc_libspace                  0x0800032d   Thumb Code     0  libspace.o(.text)
    __use_two_region_memory                  0x08000335   Thumb Code     2  heapauxi.o(.text)
    __rt_heap_escrow$2region                 0x08000337   Thumb Code     2  heapauxi.o(.text)
    __rt_heap_expand$2region                 0x08000339   Thumb Code     2  heapauxi.o(.text)
    __user_setup_stackheap                   0x0800033b   Thumb Code    74  sys_stackheap_outer.o(.text)
    exit                                     0x08000385   Thumb Code    18  exit.o(.text)
    _sys_exit                                0x08000399   Thumb Code     8  sys_exit.o(.text)
    __I$use$semihosting                      0x080003a5   Thumb Code     0  use_no_semi.o(.text)
    __use_no_semihosting_swi                 0x080003a5   Thumb Code     2  use_no_semi.o(.text)
    __semihosting_library_function           0x080003a7   Thumb Code     0  indicate_semi.o(.text)
    SystemInit                               0x080004d5   Thumb Code   102  system_stm32f10x.o(.text.SystemInit)
    __osSignalWait                           0x0800053d   Thumb Code    38  rtx_conf_cm.o(.text.__osSignalWait)
    _mutex_acquire                           0x08000565   Thumb Code    70  rtx_conf_cm.o(.text._mutex_acquire)
    _mutex_release                           0x080005ad   Thumb Code    54  rtx_conf_cm.o(.text._mutex_release)
    _platform_post_lib_init                  0x080005e5   Thumb Code    26  rtx_conf_cm.o(.text._platform_post_lib_init)
    adc_Thread                               0x08000601   Thumb Code   178  main.o(.text.adc_Thread)
    adc_init                                 0x080006b5   Thumb Code    42  main.o(.text.adc_init)
    buzzer_Thread                            0x080006e1   Thumb Code   212  main.o(.text.buzzer_Thread)
    chaves_ler_todas                         0x080007b5   Thumb Code   490  main.o(.text.chaves_ler_todas)
    control_mode                             0x080009a1   Thumb Code   740  main.o(.text.control_mode)
    delay_ms                                 0x08000c85   Thumb Code    76  main.o(.text.delay_ms)
    delay_us                                 0x08000cd1   Thumb Code    72  main.o(.text.delay_us)
    lcd_Thread                               0x08000d19   Thumb Code   530  main.o(.text.lcd_Thread)
    lcd_command                              0x08000f2d   Thumb Code    36  main.o(.text.lcd_command)
    lcd_data                                 0x08000f51   Thumb Code    36  main.o(.text.lcd_data)
    lcd_init                                 0x08000f75   Thumb Code   112  main.o(.text.lcd_init)
    lcd_print                                0x08000fe5   Thumb Code    54  main.o(.text.lcd_print)
    lcd_putValue                             0x0800101d   Thumb Code   250  main.o(.text.lcd_putValue)
    led_Thread1                              0x08001119   Thumb Code   194  main.o(.text.led_Thread1)
    led_Thread3                              0x080011dd   Thumb Code   154  main.o(.text.led_Thread3)
    ledsOFF                                  0x08001279   Thumb Code   180  main.o(.text.ledsOFF)
    ledsON                                   0x0800132d   Thumb Code   180  main.o(.text.ledsON)
    leds_apaga_todos                         0x080013e1   Thumb Code    20  main.o(.text.leds_apaga_todos)
    main                                     0x080013f5   Thumb Code   200  main.o(.text.main)
    os_error                                 0x080014bd   Thumb Code    40  rtx_conf_cm.o(.text.os_error)
    os_idle_demon                            0x080014e5   Thumb Code     4  rtx_conf_cm.o(.text.os_idle_demon)
    readADC                                  0x080014e9   Thumb Code    36  main.o(.text.readADC)
    setup_RedPill                            0x0800150d   Thumb Code   224  main.o(.text.setup_RedPill)
    SVC_Count                                0x080015ec   Data           4  svc_table.o(SVC_TABLE)
    SVC_Table                                0x080015f0   Data           0  svc_table.o(SVC_TABLE)
    _init_box                                0x080015f1   Thumb Code    70  rt_membox.o(i._init_box)
    dbg_init                                 0x08001639   Thumb Code    34  hal_cm.o(i.dbg_init)
    dbg_task_notify                          0x08001669   Thumb Code    32  hal_cm.o(i.dbg_task_notify)
    dbg_task_switch                          0x08001689   Thumb Code    16  hal_cm.o(i.dbg_task_switch)
    isrMessageGet                            0x08001699   Thumb Code    42  rt_cmsis.o(i.isrMessageGet)
    isrMessagePut                            0x080016c3   Thumb Code    44  rt_cmsis.o(i.isrMessagePut)
    isrSignalSet                             0x080016ef   Thumb Code    36  rt_cmsis.o(i.isrSignalSet)
    isr_evt_set                              0x08001715   Thumb Code    34  rt_event.o(i.isr_evt_set)
    isr_mbx_receive                          0x0800173d   Thumb Code    86  rt_mailbox.o(i.isr_mbx_receive)
    isr_mbx_send                             0x08001793   Thumb Code    14  rt_mailbox.o(i.isr_mbx_send)
    osDelay                                  0x080017a1   Thumb Code    18  rt_cmsis.o(i.osDelay)
    osKernelInitialize                       0x080017b9   Thumb Code    30  rt_cmsis.o(i.osKernelInitialize)
    osKernelStart                            0x080017dd   Thumb Code    98  rt_cmsis.o(i.osKernelStart)
    osMessageGet                             0x08001849   Thumb Code    18  rt_cmsis.o(i.osMessageGet)
    osMutexCreate                            0x08001861   Thumb Code    36  rt_cmsis.o(i.osMutexCreate)
    osMutexRelease                           0x0800188d   Thumb Code    18  rt_cmsis.o(i.osMutexRelease)
    osMutexWait                              0x080018a5   Thumb Code    18  rt_cmsis.o(i.osMutexWait)
    osSignalSet                              0x080018bd   Thumb Code    18  rt_cmsis.o(i.osSignalSet)
    osSignalWait                             0x080018d5   Thumb Code    18  rt_cmsis.o(i.osSignalWait)
    osThreadCreate                           0x080018ed   Thumb Code    36  rt_cmsis.o(i.osThreadCreate)
    osThreadExit                             0x08001919   Thumb Code    14  rt_cmsis.o(i.osThreadExit)
    osTimerCall                              0x08001931   Thumb Code     8  rt_cmsis.o(i.osTimerCall)
    osTimerThread                            0x0800193d   Thumb Code    38  rt_cmsis.o(i.osTimerThread)
    os_tick_init                             0x08001969   Thumb Code    32  rt_system.o(i.os_tick_init)
    os_tick_irqack                           0x08001991   Thumb Code     2  rt_system.o(i.os_tick_irqack)
    rt_alloc_box                             0x08001993   Thumb Code    26  rt_membox.o(i.rt_alloc_box)
    rt_alloc_mem                             0x080019ad   Thumb Code    62  rt_memory.o(i.rt_alloc_mem)
    rt_block                                 0x080019ed   Thumb Code    48  rt_task.o(i.rt_block)
    rt_chk_robin                             0x08001a25   Thumb Code    60  rt_robin.o(i.rt_chk_robin)
    rt_dec_dly                               0x08001a6d   Thumb Code   102  rt_list.o(i.rt_dec_dly)
    rt_dispatch                              0x08001add   Thumb Code    60  rt_task.o(i.rt_dispatch)
    rt_dly_wait                              0x08001b21   Thumb Code     6  rt_time.o(i.rt_dly_wait)
    rt_evt_psh                               0x08001b29   Thumb Code    76  rt_event.o(i.rt_evt_psh)
    rt_evt_set                               0x08001b79   Thumb Code    88  rt_event.o(i.rt_evt_set)
    rt_evt_wait                              0x08001bd5   Thumb Code    56  rt_event.o(i.rt_evt_wait)
    rt_free_box                              0x08001c11   Thumb Code    44  rt_membox.o(i.rt_free_box)
    rt_free_mem                              0x08001c3d   Thumb Code    40  rt_memory.o(i.rt_free_mem)
    rt_get_first                             0x08001c65   Thumb Code    40  rt_list.o(i.rt_get_first)
    rt_init_mem                              0x08001cdd   Thumb Code    26  rt_memory.o(i.rt_init_mem)
    rt_init_robin                            0x08001cf9   Thumb Code    14  rt_robin.o(i.rt_init_robin)
    rt_init_stack                            0x08001d11   Thumb Code   118  hal_cm.o(i.rt_init_stack)
    rt_mbx_check                             0x08001d91   Thumb Code     8  rt_mailbox.o(i.rt_mbx_check)
    rt_mbx_init                              0x08001d99   Thumb Code    26  rt_mailbox.o(i.rt_mbx_init)
    rt_mbx_psh                               0x08001db5   Thumb Code   236  rt_mailbox.o(i.rt_mbx_psh)
    rt_mbx_wait                              0x08001ea5   Thumb Code   174  rt_mailbox.o(i.rt_mbx_wait)
    rt_mut_init                              0x08001f9d   Thumb Code    16  rt_mutex.o(i.rt_mut_init)
    rt_mut_release                           0x08001fad   Thumb Code   208  rt_mutex.o(i.rt_mut_release)
    rt_mut_wait                              0x08002085   Thumb Code   114  rt_mutex.o(i.rt_mut_wait)
    rt_pop_req                               0x080020fd   Thumb Code   112  rt_system.o(i.rt_pop_req)
    rt_psh_req                               0x08002179   Thumb Code    22  rt_system.o(i.rt_psh_req)
    rt_psq_enq                               0x08002199   Thumb Code    88  rt_list.o(i.rt_psq_enq)
    rt_put_dly                               0x080021f5   Thumb Code    68  rt_list.o(i.rt_put_dly)
    rt_put_prio                              0x0800223d   Thumb Code    54  rt_list.o(i.rt_put_prio)
    rt_put_rdy_first                         0x08002275   Thumb Code    14  rt_list.o(i.rt_put_rdy_first)
    rt_resort_prio                           0x08002289   Thumb Code    46  rt_list.o(i.rt_resort_prio)
    rt_ret_val                               0x080022bd   Thumb Code     6  hal_cm.o(i.rt_ret_val)
    rt_ret_val2                              0x080022c3   Thumb Code     8  hal_cm.o(i.rt_ret_val2)
    rt_rmv_dly                               0x080022cb   Thumb Code    40  rt_list.o(i.rt_rmv_dly)
    rt_rmv_list                              0x080022f5   Thumb Code    44  rt_list.o(i.rt_rmv_list)
    rt_sem_psh                               0x08002325   Thumb Code    48  rt_semaphore.o(i.rt_sem_psh)
    rt_stk_check                             0x08002359   Thumb Code    28  rt_system.o(i.rt_stk_check)
    rt_switch_req                            0x0800237d   Thumb Code    30  rt_task.o(i.rt_switch_req)
    rt_sys_init                              0x080023a5   Thumb Code   138  rt_task.o(i.rt_sys_init)
    rt_sys_start                             0x08002471   Thumb Code   110  rt_task.o(i.rt_sys_start)
    rt_systick                               0x080024e9   Thumb Code    50  rt_system.o(i.rt_systick)
    rt_tsk_create                            0x08002571   Thumb Code   118  rt_task.o(i.rt_tsk_create)
    rt_tsk_delete                            0x080025f9   Thumb Code   352  rt_task.o(i.rt_tsk_delete)
    rt_tsk_prio                              0x08002775   Thumb Code   108  rt_task.o(i.rt_tsk_prio)
    rt_tsk_self                              0x080027f1   Thumb Code    12  rt_task.o(i.rt_tsk_self)
    svcDelay                                 0x08002801   Thumb Code    18  rt_cmsis.o(i.svcDelay)
    svcKernelInitialize                      0x08002815   Thumb Code    80  rt_cmsis.o(i.svcKernelInitialize)
    svcKernelStart                           0x08002885   Thumb Code    62  rt_cmsis.o(i.svcKernelStart)
    svcMessageCreate                         0x080028cd   Thumb Code    36  rt_cmsis.o(i.svcMessageCreate)
    svcMessageGet                            0x080028f1   Thumb Code    58  rt_cmsis.o(i.svcMessageGet)
    svcMutexCreate                           0x0800292b   Thumb Code    28  rt_cmsis.o(i.svcMutexCreate)
    svcMutexRelease                          0x08002947   Thumb Code    34  rt_cmsis.o(i.svcMutexRelease)
    svcMutexWait                             0x08002969   Thumb Code    58  rt_cmsis.o(i.svcMutexWait)
    svcSignalSet                             0x080029a3   Thumb Code    36  rt_cmsis.o(i.svcSignalSet)
    svcSignalWait                            0x080029c9   Thumb Code    80  rt_cmsis.o(i.svcSignalWait)
    svcThreadCreate                          0x08002a1d   Thumb Code    96  rt_cmsis.o(i.svcThreadCreate)
    svcThreadGetId                           0x08002a89   Thumb Code    22  rt_cmsis.o(i.svcThreadGetId)
    svcThreadTerminate                       0x08002aa5   Thumb Code    50  rt_cmsis.o(i.svcThreadTerminate)
    svcTimerCall                             0x08002add   Thumb Code    24  rt_cmsis.o(i.svcTimerCall)
    sysTimerTick                             0x08002af5   Thumb Code    84  rt_cmsis.o(i.sysTimerTick)
    CMSIS_RTOS_API_Version                   0x08002b50   Data           4  rtx_conf_cm.o(.rodata.CMSIS_RTOS_API_Version)
    CMSIS_RTOS_RTX_Version                   0x08002b54   Data           4  rtx_conf_cm.o(.rodata.CMSIS_RTOS_RTX_Version)
    mp_stk_size                              0x08002b58   Data           4  rtx_conf_cm.o(.rodata.mp_stk_size)
    mp_tcb_size                              0x08002b5c   Data           2  rtx_conf_cm.o(.rodata.mp_tcb_size)
    mp_tmr_size                              0x08002b5e   Data           2  rtx_conf_cm.o(.rodata.mp_tmr_size)
    os_clockrate                             0x08002b60   Data           4  rtx_conf_cm.o(.rodata.os_clockrate)
    os_fifo_size                             0x08002b64   Data           1  rtx_conf_cm.o(.rodata.os_fifo_size)
    os_flags                                 0x08002b65   Data           1  rtx_conf_cm.o(.rodata.os_flags)
    os_maxtaskrun                            0x08002b66   Data           2  rtx_conf_cm.o(.rodata.os_maxtaskrun)
    os_messageQ_def_osTimerMessageQ          0x08002b68   Data           8  rtx_conf_cm.o(.rodata.os_messageQ_def_osTimerMessageQ)
    os_mutex_def_mutex_id                    0x08002b70   Data           4  main.o(.rodata.os_mutex_def_mutex_id)
    os_rrobin                                0x08002b74   Data           4  rtx_conf_cm.o(.rodata.os_rrobin)
    os_stack_sz                              0x08002b78   Data           4  rtx_conf_cm.o(.rodata.os_stack_sz)
    os_stackinfo                             0x08002b7c   Data           4  rtx_conf_cm.o(.rodata.os_stackinfo)
    os_thread_def_adc_Thread                 0x08002b80   Data          16  main.o(.rodata.os_thread_def_adc_Thread)
    os_thread_def_buzzer_Thread              0x08002b90   Data          16  main.o(.rodata.os_thread_def_buzzer_Thread)
    os_thread_def_control_mode               0x08002ba0   Data          16  main.o(.rodata.os_thread_def_control_mode)
    os_thread_def_lcd_Thread                 0x08002bb0   Data          16  main.o(.rodata.os_thread_def_lcd_Thread)
    os_thread_def_led_Thread1                0x08002bc0   Data          16  main.o(.rodata.os_thread_def_led_Thread1)
    os_thread_def_led_Thread3                0x08002bd0   Data          16  main.o(.rodata.os_thread_def_led_Thread3)
    os_thread_def_main                       0x08002be0   Data          16  rtx_conf_cm.o(.rodata.os_thread_def_main)
    os_thread_def_osTimerThread              0x08002bf0   Data          16  rtx_conf_cm.o(.rodata.os_thread_def_osTimerThread)
    os_timernum                              0x08002c00   Data           4  rtx_conf_cm.o(.rodata.os_timernum)
    os_trv                                   0x08002c04   Data           4  rtx_conf_cm.o(.rodata.os_trv)
    Region$$Table$$Base                      0x08002d40   Number         0  anon$$obj.o(Region$$Table)
    Region$$Table$$Limit                     0x08002d60   Number         0  anon$$obj.o(Region$$Table)
    __ARM_use_no_argv                        0x20000000   Data           4  main.o(.ARM.use_no_argv)
    os_initialized                           0x20000004   Data           1  rt_cmsis.o(.data)
    os_running                               0x20000005   Data           1  rt_cmsis.o(.data)
    os_timer_head                            0x20000008   Data           4  rt_cmsis.o(.data)
    os_tsk                                   0x2000000c   Data           8  rt_task.o(.data)
    os_tick_irqn                             0x20000018   Data           4  rt_system.o(.data)
    os_time                                  0x2000001c   Data           4  rt_time.o(.data)
    os_robin                                 0x20000020   Data           8  rt_robin.o(.data)
    dbg_msg                                  0x20000028   Data           1  hal_cm.o(.data)
    velocidade                               0x2000002a   Data           2  main.o(.data.velocidade)
    os_idle_TCB                              0x20000030   Data          52  rt_task.o(.bss)
    os_rdy                                   0x20000064   Data          24  rt_list.o(.bss)
    os_dly                                   0x2000007c   Data          24  rt_list.o(.bss)
    __libspace_start                         0x20000094   Data          96  libspace.o(.bss)
    ADC_VALUE                                0x200000f4   Data           2  main.o(.bss.ADC_VALUE)
    __temporary_stack_top$libspace           0x200000f4   Data           0  libspace.o(.bss)
    T_adc_ID                                 0x200000f8   Data           4  main.o(.bss.T_adc_ID)
    T_buzzer_ID                              0x200000fc   Data           4  main.o(.bss.T_buzzer_ID)
    T_control_mode                           0x20000100   Data           4  main.o(.bss.T_control_mode)
    T_lcd_ID                                 0x20000104   Data           4  main.o(.bss.T_lcd_ID)
    T_led_ID1                                0x20000108   Data           4  main.o(.bss.T_led_ID1)
    T_led_ID3                                0x2000010c   Data           4  main.o(.bss.T_led_ID3)
    freq_buzzer                              0x20000110   Data           2  main.o(.bss.freq_buzzer)
    funcao                                   0x20000112   Data           1  main.o(.bss.funcao)
    m_tmr                                    0x20000114   Data           4  rtx_conf_cm.o(.bss.m_tmr)
    mode                                     0x20000118   Data           1  main.o(.bss.mode)
    mp_stk                                   0x20000120   Data        1416  rtx_conf_cm.o(.bss.mp_stk)
    mp_tcb                                   0x200006a8   Data         428  rtx_conf_cm.o(.bss.mp_tcb)
    mutex_id                                 0x20000854   Data           4  main.o(.bss.mutex_id)
    osMessageQId_osTimerMessageQ             0x20000858   Data           4  rtx_conf_cm.o(.bss.osMessageQId_osTimerMessageQ)
    osThreadId_osTimerThread                 0x2000085c   Data           4  rtx_conf_cm.o(.bss.osThreadId_osTimerThread)
    os_active_TCB                            0x20000860   Data          32  rtx_conf_cm.o(.bss.os_active_TCB)
    os_fifo                                  0x20000880   Data         132  rtx_conf_cm.o(.bss.os_fifo)
    os_messageQ_q_osTimerMessageQ            0x20000904   Data          32  rtx_conf_cm.o(.bss.os_messageQ_q_osTimerMessageQ)
    os_mutex_cb_mutex_id                     0x20000924   Data          16  main.o(.bss.os_mutex_cb_mutex_id)
    os_stack_mem                             0x20000938   Data         432  rtx_conf_cm.o(.bss.os_stack_mem)
    toggleBuzzer                             0x20000ae8   Data           1  main.o(.bss.toggleBuzzer)



==============================================================================

Memory Map of the image

  Image Entry point : 0x080002ed

  Load Region LR_1 (Base: 0x08000000, Size: 0x00002d8c, Max: 0xffffffff, ABSOLUTE)

    Execution Region ER_RO (Exec base: 0x08000000, Load base: 0x08000000, Size: 0x00002d60, Max: 0xffffffff, ABSOLUTE)

    Exec Addr    Load Addr    Size         Type   Attr      Idx    E Section Name        Object

    0x08000000   0x08000000   0x000000ec   Data   RO          141    RESET               startup_stm32f10x_md.o
    0x080000ec   0x080000ec   0x00000008   Code   RO         1386  * !!!main             c_w.l(__main.o)
    0x080000f4   0x080000f4   0x0000005c   Code   RO         1557    !!!scatter          c_w.l(__scatter.o)
    0x08000150   0x08000150   0x0000001a   Code   RO         1561    !!handler_copy      c_w.l(__scatter_copy.o)
    0x0800016a   0x0800016a   0x00000002   PAD
    0x0800016c   0x0800016c   0x00000002   Code   RO         1558    !!handler_null      c_w.l(__scatter.o)
    0x0800016e   0x0800016e   0x00000002   PAD
    0x08000170   0x08000170   0x0000001c   Code   RO         1563    !!handler_zi        c_w.l(__scatter_zi.o)
    0x0800018c   0x0800018c   0x00000002   Code   RO         1422    .ARM.Collect$$libinit$$00000000  c_w.l(libinit.o)
    0x0800018e   0x0800018e   0x00000000   Code   RO         1432    .ARM.Collect$$libinit$$00000002  c_w.l(libinit2.o)
    0x0800018e   0x0800018e   0x00000000   Code   RO         1434    .ARM.Collect$$libinit$$00000004  c_w.l(libinit2.o)
    0x0800018e   0x0800018e   0x00000000   Code   RO         1436    .ARM.Collect$$libinit$$00000006  c_w.l(libinit2.o)
    0x0800018e   0x0800018e   0x00000000   Code   RO         1439    .ARM.Collect$$libinit$$0000000C  c_w.l(libinit2.o)
    0x0800018e   0x0800018e   0x00000000   Code   RO         1441    .ARM.Collect$$libinit$$0000000E  c_w.l(libinit2.o)
    0x0800018e   0x0800018e   0x00000000   Code   RO         1443    .ARM.Collect$$libinit$$00000010  c_w.l(libinit2.o)
    0x0800018e   0x0800018e   0x00000000   Code   RO         1446    .ARM.Collect$$libinit$$00000013  c_w.l(libinit2.o)
    0x0800018e   0x0800018e   0x00000000   Code   RO         1448    .ARM.Collect$$libinit$$00000015  c_w.l(libinit2.o)
    0x0800018e   0x0800018e   0x00000000   Code   RO         1450    .ARM.Collect$$libinit$$00000017  c_w.l(libinit2.o)
    0x0800018e   0x0800018e   0x00000000   Code   RO         1452    .ARM.Collect$$libinit$$00000019  c_w.l(libinit2.o)
    0x0800018e   0x0800018e   0x00000000   Code   RO         1454    .ARM.Collect$$libinit$$0000001B  c_w.l(libinit2.o)
    0x0800018e   0x0800018e   0x00000000   Code   RO         1456    .ARM.Collect$$libinit$$0000001D  c_w.l(libinit2.o)
    0x0800018e   0x0800018e   0x00000000   Code   RO         1458    .ARM.Collect$$libinit$$0000001F  c_w.l(libinit2.o)
    0x0800018e   0x0800018e   0x00000000   Code   RO         1460    .ARM.Collect$$libinit$$00000021  c_w.l(libinit2.o)
    0x0800018e   0x0800018e   0x00000000   Code   RO         1462    .ARM.Collect$$libinit$$00000023  c_w.l(libinit2.o)
    0x0800018e   0x0800018e   0x00000000   Code   RO         1464    .ARM.Collect$$libinit$$00000025  c_w.l(libinit2.o)
    0x0800018e   0x0800018e   0x00000000   Code   RO         1466    .ARM.Collect$$libinit$$00000027  c_w.l(libinit2.o)
    0x0800018e   0x0800018e   0x00000000   Code   RO         1470    .ARM.Collect$$libinit$$0000002E  c_w.l(libinit2.o)
    0x0800018e   0x0800018e   0x00000000   Code   RO         1472    .ARM.Collect$$libinit$$00000030  c_w.l(libinit2.o)
    0x0800018e   0x0800018e   0x00000000   Code   RO         1474    .ARM.Collect$$libinit$$00000032  c_w.l(libinit2.o)
    0x0800018e   0x0800018e   0x00000000   Code   RO         1476    .ARM.Collect$$libinit$$00000034  c_w.l(libinit2.o)
    0x0800018e   0x0800018e   0x00000002   Code   RO         1477    .ARM.Collect$$libinit$$00000035  c_w.l(libinit2.o)
    0x08000190   0x08000190   0x00000002   Code   RO         1512    .ARM.Collect$$libshutdown$$00000000  c_w.l(libshutdown.o)
    0x08000192   0x08000192   0x00000000   Code   RO         1540    .ARM.Collect$$libshutdown$$00000002  c_w.l(libshutdown2.o)
    0x08000192   0x08000192   0x00000000   Code   RO         1542    .ARM.Collect$$libshutdown$$00000004  c_w.l(libshutdown2.o)
    0x08000192   0x08000192   0x00000000   Code   RO         1545    .ARM.Collect$$libshutdown$$00000007  c_w.l(libshutdown2.o)
    0x08000192   0x08000192   0x00000000   Code   RO         1548    .ARM.Collect$$libshutdown$$0000000A  c_w.l(libshutdown2.o)
    0x08000192   0x08000192   0x00000000   Code   RO         1550    .ARM.Collect$$libshutdown$$0000000C  c_w.l(libshutdown2.o)
    0x08000192   0x08000192   0x00000000   Code   RO         1553    .ARM.Collect$$libshutdown$$0000000F  c_w.l(libshutdown2.o)
    0x08000192   0x08000192   0x00000002   Code   RO         1554    .ARM.Collect$$libshutdown$$00000010  c_w.l(libshutdown2.o)
    0x08000194   0x08000194   0x00000000   Code   RO         1388    .ARM.Collect$$rtentry$$00000000  c_w.l(__rtentry.o)
    0x08000194   0x08000194   0x00000000   Code   RO         1394    .ARM.Collect$$rtentry$$00000002  c_w.l(__rtentry2.o)
    0x08000194   0x08000194   0x00000006   Code   RO         1406    .ARM.Collect$$rtentry$$00000004  c_w.l(__rtentry4.o)
    0x0800019a   0x0800019a   0x00000000   Code   RO         1396    .ARM.Collect$$rtentry$$00000009  c_w.l(__rtentry2.o)
    0x0800019a   0x0800019a   0x00000004   Code   RO         1397    .ARM.Collect$$rtentry$$0000000A  c_w.l(__rtentry2.o)
    0x0800019e   0x0800019e   0x00000008   Code   RO         1398    .ARM.Collect$$rtentry$$0000000B  c_w.l(__rtentry2.o)
    0x080001a6   0x080001a6   0x00000008   Code   RO         1400    .ARM.Collect$$rtentry$$0000000D  c_w.l(__rtentry2.o)
    0x080001ae   0x080001ae   0x00000002   Code   RO         1423    .ARM.Collect$$rtexit$$00000000  c_w.l(rtexit.o)
    0x080001b0   0x080001b0   0x00000000   Code   RO         1483    .ARM.Collect$$rtexit$$00000002  c_w.l(rtexit2.o)
    0x080001b0   0x080001b0   0x00000004   Code   RO         1484    .ARM.Collect$$rtexit$$00000003  c_w.l(rtexit2.o)
    0x080001b4   0x080001b4   0x00000006   Code   RO         1485    .ARM.Collect$$rtexit$$00000004  c_w.l(rtexit2.o)
    0x080001ba   0x080001ba   0x00000002   PAD
    0x080001bc   0x080001bc   0x00000130   Code   RO         1364    .emb_text           RTX_CM3.lib(hal_cm3.o)
    0x080002ec   0x080002ec   0x00000040   Code   RO          142  * .text               startup_stm32f10x_md.o
    0x0800032c   0x0800032c   0x00000008   Code   RO         1379    .text               c_w.l(libspace.o)
    0x08000334   0x08000334   0x00000006   Code   RO         1384    .text               c_w.l(heapauxi.o)
    0x0800033a   0x0800033a   0x0000004a   Code   RO         1410    .text               c_w.l(sys_stackheap_outer.o)
    0x08000384   0x08000384   0x00000012   Code   RO         1412    .text               c_w.l(exit.o)
    0x08000396   0x08000396   0x00000002   PAD
    0x08000398   0x08000398   0x0000000c   Code   RO         1478    .text               c_w.l(sys_exit.o)
    0x080003a4   0x080003a4   0x00000002   Code   RO         1501    .text               c_w.l(use_no_semi.o)
    0x080003a6   0x080003a6   0x00000000   Code   RO         1503    .text               c_w.l(indicate_semi.o)
    0x080003a6   0x080003a6   0x00000002   PAD
    0x080003a8   0x080003a8   0x00000008   Code   RO          151    .text.SetSysClock   system_stm32f10x.o
    0x080003b0   0x080003b0   0x00000122   Code   RO          155    .text.SetSysClockTo72  system_stm32f10x.o
    0x080004d2   0x080004d2   0x00000002   PAD
    0x080004d4   0x080004d4   0x00000066   Code   RO          149    .text.SystemInit    system_stm32f10x.o
    0x0800053a   0x0800053a   0x00000002   PAD
    0x0800053c   0x0800053c   0x00000026   Code   RO           91    .text.__osSignalWait  rtx_conf_cm.o
    0x08000562   0x08000562   0x00000002   PAD
    0x08000564   0x08000564   0x00000046   Code   RO           87    .text._mutex_acquire  rtx_conf_cm.o
    0x080005aa   0x080005aa   0x00000002   PAD
    0x080005ac   0x080005ac   0x00000036   Code   RO           89    .text._mutex_release  rtx_conf_cm.o
    0x080005e2   0x080005e2   0x00000002   PAD
    0x080005e4   0x080005e4   0x0000001a   Code   RO           97    .text._platform_post_lib_init  rtx_conf_cm.o
    0x080005fe   0x080005fe   0x00000002   PAD
    0x08000600   0x08000600   0x000000b2   Code   RO           34    .text.adc_Thread    main.o
    0x080006b2   0x080006b2   0x00000002   PAD
    0x080006b4   0x080006b4   0x0000002a   Code   RO           24    .text.adc_init      main.o
    0x080006de   0x080006de   0x00000002   PAD
    0x080006e0   0x080006e0   0x000000d4   Code   RO           36    .text.buzzer_Thread  main.o
    0x080007b4   0x080007b4   0x000001ea   Code   RO           26    .text.chaves_ler_todas  main.o
    0x0800099e   0x0800099e   0x00000002   PAD
    0x080009a0   0x080009a0   0x000002e4   Code   RO           38    .text.control_mode  main.o
    0x08000c84   0x08000c84   0x0000004c   Code   RO            2    .text.delay_ms      main.o
    0x08000cd0   0x08000cd0   0x00000048   Code   RO            4    .text.delay_us      main.o
    0x08000d18   0x08000d18   0x00000212   Code   RO           40    .text.lcd_Thread    main.o
    0x08000f2a   0x08000f2a   0x00000002   PAD
    0x08000f2c   0x08000f2c   0x00000024   Code   RO           16    .text.lcd_command   main.o
    0x08000f50   0x08000f50   0x00000024   Code   RO           18    .text.lcd_data      main.o
    0x08000f74   0x08000f74   0x00000070   Code   RO           22    .text.lcd_init      main.o
    0x08000fe4   0x08000fe4   0x00000036   Code   RO           20    .text.lcd_print     main.o
    0x0800101a   0x0800101a   0x00000002   PAD
    0x0800101c   0x0800101c   0x000000fa   Code   RO           14    .text.lcd_putValue  main.o
    0x08001116   0x08001116   0x00000002   PAD
    0x08001118   0x08001118   0x000000c2   Code   RO           30    .text.led_Thread1   main.o
    0x080011da   0x080011da   0x00000002   PAD
    0x080011dc   0x080011dc   0x0000009a   Code   RO           32    .text.led_Thread3   main.o
    0x08001276   0x08001276   0x00000002   PAD
    0x08001278   0x08001278   0x000000b4   Code   RO           10    .text.ledsOFF       main.o
    0x0800132c   0x0800132c   0x000000b4   Code   RO            8    .text.ledsON        main.o
    0x080013e0   0x080013e0   0x00000014   Code   RO           12    .text.leds_apaga_todos  main.o
    0x080013f4   0x080013f4   0x000000c8   Code   RO           42    .text.main          main.o
    0x080014bc   0x080014bc   0x00000028   Code   RO           81    .text.os_error      rtx_conf_cm.o
    0x080014e4   0x080014e4   0x00000004   Code   RO           79    .text.os_idle_demon  rtx_conf_cm.o
    0x080014e8   0x080014e8   0x00000024   Code   RO           28    .text.readADC       main.o
    0x0800150c   0x0800150c   0x000000e0   Code   RO            6    .text.setup_RedPill  main.o
    0x080015ec   0x080015ec   0x00000004   Code   RO         1374    SVC_TABLE           RTX_CM3.lib(svc_table.o)
    0x080015f0   0x080015f0   0x00000046   Code   RO         1263    i._init_box         RTX_CM3.lib(rt_membox.o)
    0x08001636   0x08001636   0x00000002   PAD
    0x08001638   0x08001638   0x00000030   Code   RO         1316    i.dbg_init          RTX_CM3.lib(hal_cm.o)
    0x08001668   0x08001668   0x00000020   Code   RO         1317    i.dbg_task_notify   RTX_CM3.lib(hal_cm.o)
    0x08001688   0x08001688   0x00000010   Code   RO         1318    i.dbg_task_switch   RTX_CM3.lib(hal_cm.o)
    0x08001698   0x08001698   0x0000002a   Code   RO          168    i.isrMessageGet     RTX_CM3.lib(rt_cmsis.o)
    0x080016c2   0x080016c2   0x0000002c   Code   RO          169    i.isrMessagePut     RTX_CM3.lib(rt_cmsis.o)
    0x080016ee   0x080016ee   0x00000024   Code   RO          171    i.isrSignalSet      RTX_CM3.lib(rt_cmsis.o)
    0x08001712   0x08001712   0x00000002   PAD
    0x08001714   0x08001714   0x00000028   Code   RO         1000    i.isr_evt_set       RTX_CM3.lib(rt_event.o)
    0x0800173c   0x0800173c   0x00000056   Code   RO         1118    i.isr_mbx_receive   RTX_CM3.lib(rt_mailbox.o)
    0x08001792   0x08001792   0x0000000e   Code   RO         1119    i.isr_mbx_send      RTX_CM3.lib(rt_mailbox.o)
    0x080017a0   0x080017a0   0x00000018   Code   RO          172    i.osDelay           RTX_CM3.lib(rt_cmsis.o)
    0x080017b8   0x080017b8   0x00000024   Code   RO          173    i.osKernelInitialize  RTX_CM3.lib(rt_cmsis.o)
    0x080017dc   0x080017dc   0x0000006c   Code   RO          175    i.osKernelStart     RTX_CM3.lib(rt_cmsis.o)
    0x08001848   0x08001848   0x00000018   Code   RO          184    i.osMessageGet      RTX_CM3.lib(rt_cmsis.o)
    0x08001860   0x08001860   0x0000002c   Code   RO          186    i.osMutexCreate     RTX_CM3.lib(rt_cmsis.o)
    0x0800188c   0x0800188c   0x00000018   Code   RO          188    i.osMutexRelease    RTX_CM3.lib(rt_cmsis.o)
    0x080018a4   0x080018a4   0x00000018   Code   RO          189    i.osMutexWait       RTX_CM3.lib(rt_cmsis.o)
    0x080018bc   0x080018bc   0x00000018   Code   RO          199    i.osSignalSet       RTX_CM3.lib(rt_cmsis.o)
    0x080018d4   0x080018d4   0x00000018   Code   RO          200    i.osSignalWait      RTX_CM3.lib(rt_cmsis.o)
    0x080018ec   0x080018ec   0x0000002c   Code   RO          201    i.osThreadCreate    RTX_CM3.lib(rt_cmsis.o)
    0x08001918   0x08001918   0x00000018   Code   RO          202    i.osThreadExit      RTX_CM3.lib(rt_cmsis.o)
    0x08001930   0x08001930   0x0000000c   Code   RO          208    i.osTimerCall       RTX_CM3.lib(rt_cmsis.o)
    0x0800193c   0x0800193c   0x0000002c   Code   RO          213    i.osTimerThread     RTX_CM3.lib(rt_cmsis.o)
    0x08001968   0x08001968   0x00000028   Code   RO          910    i.os_tick_init      RTX_CM3.lib(rt_system.o)
    0x08001990   0x08001990   0x00000002   Code   RO          911    i.os_tick_irqack    RTX_CM3.lib(rt_system.o)
    0x08001992   0x08001992   0x0000001a   Code   RO         1264    i.rt_alloc_box      RTX_CM3.lib(rt_membox.o)
    0x080019ac   0x080019ac   0x0000003e   Code   RO         1292    i.rt_alloc_mem      RTX_CM3.lib(rt_memory.o)
    0x080019ea   0x080019ea   0x00000002   PAD
    0x080019ec   0x080019ec   0x00000038   Code   RO          791    i.rt_block          RTX_CM3.lib(rt_task.o)
    0x08001a24   0x08001a24   0x00000048   Code   RO         1241    i.rt_chk_robin      RTX_CM3.lib(rt_robin.o)
    0x08001a6c   0x08001a6c   0x00000070   Code   RO         1042    i.rt_dec_dly        RTX_CM3.lib(rt_list.o)
    0x08001adc   0x08001adc   0x00000044   Code   RO          792    i.rt_dispatch       RTX_CM3.lib(rt_task.o)
    0x08001b20   0x08001b20   0x00000006   Code   RO         1208    i.rt_dly_wait       RTX_CM3.lib(rt_time.o)
    0x08001b26   0x08001b26   0x00000002   PAD
    0x08001b28   0x08001b28   0x00000050   Code   RO         1003    i.rt_evt_psh        RTX_CM3.lib(rt_event.o)
    0x08001b78   0x08001b78   0x0000005c   Code   RO         1004    i.rt_evt_set        RTX_CM3.lib(rt_event.o)
    0x08001bd4   0x08001bd4   0x0000003c   Code   RO         1005    i.rt_evt_wait       RTX_CM3.lib(rt_event.o)
    0x08001c10   0x08001c10   0x0000002c   Code   RO         1265    i.rt_free_box       RTX_CM3.lib(rt_membox.o)
    0x08001c3c   0x08001c3c   0x00000028   Code   RO         1293    i.rt_free_mem       RTX_CM3.lib(rt_memory.o)
    0x08001c64   0x08001c64   0x00000028   Code   RO         1043    i.rt_get_first      RTX_CM3.lib(rt_list.o)
    0x08001c8c   0x08001c8c   0x00000008   Code   RO          218    i.rt_id2obj         RTX_CM3.lib(rt_cmsis.o)
    0x08001c94   0x08001c94   0x00000048   Code   RO          793    i.rt_init_context   RTX_CM3.lib(rt_task.o)
    0x08001cdc   0x08001cdc   0x0000001a   Code   RO         1294    i.rt_init_mem       RTX_CM3.lib(rt_memory.o)
    0x08001cf6   0x08001cf6   0x00000002   PAD
    0x08001cf8   0x08001cf8   0x00000018   Code   RO         1242    i.rt_init_robin     RTX_CM3.lib(rt_robin.o)
    0x08001d10   0x08001d10   0x00000080   Code   RO         1319    i.rt_init_stack     RTX_CM3.lib(hal_cm.o)
    0x08001d90   0x08001d90   0x00000008   Code   RO         1120    i.rt_mbx_check      RTX_CM3.lib(rt_mailbox.o)
    0x08001d98   0x08001d98   0x0000001a   Code   RO         1121    i.rt_mbx_init       RTX_CM3.lib(rt_mailbox.o)
    0x08001db2   0x08001db2   0x00000002   PAD
    0x08001db4   0x08001db4   0x000000f0   Code   RO         1122    i.rt_mbx_psh        RTX_CM3.lib(rt_mailbox.o)
    0x08001ea4   0x08001ea4   0x000000b4   Code   RO         1124    i.rt_mbx_wait       RTX_CM3.lib(rt_mailbox.o)
    0x08001f58   0x08001f58   0x00000044   Code   RO          219    i.rt_ms2tick        RTX_CM3.lib(rt_cmsis.o)
    0x08001f9c   0x08001f9c   0x00000010   Code   RO          876    i.rt_mut_init       RTX_CM3.lib(rt_mutex.o)
    0x08001fac   0x08001fac   0x000000d8   Code   RO          877    i.rt_mut_release    RTX_CM3.lib(rt_mutex.o)
    0x08002084   0x08002084   0x00000078   Code   RO          878    i.rt_mut_wait       RTX_CM3.lib(rt_mutex.o)
    0x080020fc   0x080020fc   0x0000007c   Code   RO          914    i.rt_pop_req        RTX_CM3.lib(rt_system.o)
    0x08002178   0x08002178   0x00000020   Code   RO          915    i.rt_psh_req        RTX_CM3.lib(rt_system.o)
    0x08002198   0x08002198   0x0000005c   Code   RO         1045    i.rt_psq_enq        RTX_CM3.lib(rt_list.o)
    0x080021f4   0x080021f4   0x00000048   Code   RO         1046    i.rt_put_dly        RTX_CM3.lib(rt_list.o)
    0x0800223c   0x0800223c   0x00000036   Code   RO         1047    i.rt_put_prio       RTX_CM3.lib(rt_list.o)
    0x08002272   0x08002272   0x00000002   PAD
    0x08002274   0x08002274   0x00000014   Code   RO         1048    i.rt_put_rdy_first  RTX_CM3.lib(rt_list.o)
    0x08002288   0x08002288   0x00000034   Code   RO         1049    i.rt_resort_prio    RTX_CM3.lib(rt_list.o)
    0x080022bc   0x080022bc   0x00000006   Code   RO         1320    i.rt_ret_val        RTX_CM3.lib(hal_cm.o)
    0x080022c2   0x080022c2   0x00000008   Code   RO         1321    i.rt_ret_val2       RTX_CM3.lib(hal_cm.o)
    0x080022ca   0x080022ca   0x00000028   Code   RO         1050    i.rt_rmv_dly        RTX_CM3.lib(rt_list.o)
    0x080022f2   0x080022f2   0x00000002   PAD
    0x080022f4   0x080022f4   0x00000030   Code   RO         1051    i.rt_rmv_list       RTX_CM3.lib(rt_list.o)
    0x08002324   0x08002324   0x00000034   Code   RO         1169    i.rt_sem_psh        RTX_CM3.lib(rt_semaphore.o)
    0x08002358   0x08002358   0x00000024   Code   RO          917    i.rt_stk_check      RTX_CM3.lib(rt_system.o)
    0x0800237c   0x0800237c   0x00000028   Code   RO          794    i.rt_switch_req     RTX_CM3.lib(rt_task.o)
    0x080023a4   0x080023a4   0x000000cc   Code   RO          795    i.rt_sys_init       RTX_CM3.lib(rt_task.o)
    0x08002470   0x08002470   0x00000078   Code   RO          796    i.rt_sys_start      RTX_CM3.lib(rt_task.o)
    0x080024e8   0x080024e8   0x00000040   Code   RO          919    i.rt_systick        RTX_CM3.lib(rt_system.o)
    0x08002528   0x08002528   0x00000012   Code   RO          220    i.rt_tid2ptcb       RTX_CM3.lib(rt_cmsis.o)
    0x0800253a   0x0800253a   0x00000002   PAD
    0x0800253c   0x0800253c   0x00000034   Code   RO          221    i.rt_timer_insert   RTX_CM3.lib(rt_cmsis.o)
    0x08002570   0x08002570   0x00000088   Code   RO          797    i.rt_tsk_create     RTX_CM3.lib(rt_task.o)
    0x080025f8   0x080025f8   0x0000017c   Code   RO          798    i.rt_tsk_delete     RTX_CM3.lib(rt_task.o)
    0x08002774   0x08002774   0x0000007c   Code   RO          800    i.rt_tsk_prio       RTX_CM3.lib(rt_task.o)
    0x080027f0   0x080027f0   0x00000010   Code   RO          801    i.rt_tsk_self       RTX_CM3.lib(rt_task.o)
    0x08002800   0x08002800   0x00000012   Code   RO          223    i.svcDelay          RTX_CM3.lib(rt_cmsis.o)
    0x08002812   0x08002812   0x00000002   PAD
    0x08002814   0x08002814   0x00000070   Code   RO          224    i.svcKernelInitialize  RTX_CM3.lib(rt_cmsis.o)
    0x08002884   0x08002884   0x00000048   Code   RO          226    i.svcKernelStart    RTX_CM3.lib(rt_cmsis.o)
    0x080028cc   0x080028cc   0x00000024   Code   RO          229    i.svcMessageCreate  RTX_CM3.lib(rt_cmsis.o)
    0x080028f0   0x080028f0   0x0000003a   Code   RO          230    i.svcMessageGet     RTX_CM3.lib(rt_cmsis.o)
    0x0800292a   0x0800292a   0x0000001c   Code   RO          232    i.svcMutexCreate    RTX_CM3.lib(rt_cmsis.o)
    0x08002946   0x08002946   0x00000022   Code   RO          234    i.svcMutexRelease   RTX_CM3.lib(rt_cmsis.o)
    0x08002968   0x08002968   0x0000003a   Code   RO          235    i.svcMutexWait      RTX_CM3.lib(rt_cmsis.o)
    0x080029a2   0x080029a2   0x00000024   Code   RO          242    i.svcSignalSet      RTX_CM3.lib(rt_cmsis.o)
    0x080029c6   0x080029c6   0x00000002   PAD
    0x080029c8   0x080029c8   0x00000054   Code   RO          243    i.svcSignalWait     RTX_CM3.lib(rt_cmsis.o)
    0x08002a1c   0x08002a1c   0x0000006c   Code   RO          244    i.svcThreadCreate   RTX_CM3.lib(rt_cmsis.o)
    0x08002a88   0x08002a88   0x0000001c   Code   RO          245    i.svcThreadGetId    RTX_CM3.lib(rt_cmsis.o)
    0x08002aa4   0x08002aa4   0x00000038   Code   RO          248    i.svcThreadTerminate  RTX_CM3.lib(rt_cmsis.o)
    0x08002adc   0x08002adc   0x00000018   Code   RO          250    i.svcTimerCall      RTX_CM3.lib(rt_cmsis.o)
    0x08002af4   0x08002af4   0x0000005c   Code   RO          259    i.sysTimerTick      RTX_CM3.lib(rt_cmsis.o)
    0x08002b50   0x08002b50   0x00000004   Data   RO          107    .rodata.CMSIS_RTOS_API_Version  rtx_conf_cm.o
    0x08002b54   0x08002b54   0x00000004   Data   RO          108    .rodata.CMSIS_RTOS_RTX_Version  rtx_conf_cm.o
    0x08002b58   0x08002b58   0x00000004   Data   RO          112    .rodata.mp_stk_size  rtx_conf_cm.o
    0x08002b5c   0x08002b5c   0x00000002   Data   RO          111    .rodata.mp_tcb_size  rtx_conf_cm.o
    0x08002b5e   0x08002b5e   0x00000002   Data   RO          120    .rodata.mp_tmr_size  rtx_conf_cm.o
    0x08002b60   0x08002b60   0x00000004   Data   RO          109    .rodata.os_clockrate  rtx_conf_cm.o
    0x08002b64   0x08002b64   0x00000001   Data   RO          114    .rodata.os_fifo_size  rtx_conf_cm.o
    0x08002b65   0x08002b65   0x00000001   Data   RO          106    .rodata.os_flags    rtx_conf_cm.o
    0x08002b66   0x08002b66   0x00000002   Data   RO           99    .rodata.os_maxtaskrun  rtx_conf_cm.o
    0x08002b68   0x08002b68   0x00000008   Data   RO          117    .rodata.os_messageQ_def_osTimerMessageQ  rtx_conf_cm.o
    0x08002b70   0x08002b70   0x00000004   Data   RO           55    .rodata.os_mutex_def_mutex_id  main.o
    0x08002b74   0x08002b74   0x00000004   Data   RO          101    .rodata.os_rrobin   rtx_conf_cm.o
    0x08002b78   0x08002b78   0x00000004   Data   RO          113    .rodata.os_stack_sz  rtx_conf_cm.o
    0x08002b7c   0x08002b7c   0x00000004   Data   RO          100    .rodata.os_stackinfo  rtx_conf_cm.o
    0x08002b80   0x08002b80   0x00000010   Data   RO           50    .rodata.os_thread_def_adc_Thread  main.o
    0x08002b90   0x08002b90   0x00000010   Data   RO           51    .rodata.os_thread_def_buzzer_Thread  main.o
    0x08002ba0   0x08002ba0   0x00000010   Data   RO           52    .rodata.os_thread_def_control_mode  main.o
    0x08002bb0   0x08002bb0   0x00000010   Data   RO           53    .rodata.os_thread_def_lcd_Thread  main.o
    0x08002bc0   0x08002bc0   0x00000010   Data   RO           48    .rodata.os_thread_def_led_Thread1  main.o
    0x08002bd0   0x08002bd0   0x00000010   Data   RO           49    .rodata.os_thread_def_led_Thread3  main.o
    0x08002be0   0x08002be0   0x00000010   Data   RO          124    .rodata.os_thread_def_main  rtx_conf_cm.o
    0x08002bf0   0x08002bf0   0x00000010   Data   RO          115    .rodata.os_thread_def_osTimerThread  rtx_conf_cm.o
    0x08002c00   0x08002c00   0x00000004   Data   RO          110    .rodata.os_timernum  rtx_conf_cm.o
    0x08002c04   0x08002c04   0x00000004   Data   RO          105    .rodata.os_trv      rtx_conf_cm.o
    0x08002c08   0x08002c08   0x00000135   Data   RO           61    .rodata.str1.1      main.o
    0x08002d3d   0x08002d3d   0x00000003   PAD
    0x08002d40   0x08002d40   0x00000020   Data   RO         1556    Region$$Table       anon$$obj.o


    Execution Region ER_RW (Exec base: 0x20000000, Load base: 0x08002d60, Size: 0x0000002c, Max: 0xffffffff, ABSOLUTE)

    Exec Addr    Load Addr    Size         Type   Attr      Idx    E Section Name        Object

    0x20000000   0x08002d60   0x00000004   Data   RW           71    .ARM.use_no_argv    main.o
    0x20000004   0x08002d64   0x00000008   Data   RW          262    .data               RTX_CM3.lib(rt_cmsis.o)
    0x2000000c   0x08002d6c   0x00000008   Data   RW          803    .data               RTX_CM3.lib(rt_task.o)
    0x20000014   0x08002d74   0x00000008   Data   RW          922    .data               RTX_CM3.lib(rt_system.o)
    0x2000001c   0x08002d7c   0x00000004   Data   RW         1212    .data               RTX_CM3.lib(rt_time.o)
    0x20000020   0x08002d80   0x00000008   Data   RW         1243    .data               RTX_CM3.lib(rt_robin.o)
    0x20000028   0x08002d88   0x00000001   Data   RW         1322    .data               RTX_CM3.lib(hal_cm.o)
    0x20000029   0x08002d89   0x00000001   PAD
    0x2000002a   0x08002d8a   0x00000002   Data   RW           60    .data.velocidade    main.o


    Execution Region ER_ZI (Exec base: 0x20000030, Load base: 0x08002d8c, Size: 0x000010c0, Max: 0xffffffff, ABSOLUTE)

    Exec Addr    Load Addr    Size         Type   Attr      Idx    E Section Name        Object

    0x20000030        -       0x00000034   Zero   RW          802    .bss                RTX_CM3.lib(rt_task.o)
    0x20000064        -       0x00000030   Zero   RW         1052    .bss                RTX_CM3.lib(rt_list.o)
    0x20000094        -       0x00000060   Zero   RW         1380    .bss                c_w.l(libspace.o)
    0x200000f4        -       0x00000002   Zero   RW           56    .bss.ADC_VALUE      main.o
    0x200000f6   0x08002d8c   0x00000002   PAD
    0x200000f8        -       0x00000004   Zero   RW           66    .bss.T_adc_ID       main.o
    0x200000fc        -       0x00000004   Zero   RW           68    .bss.T_buzzer_ID    main.o
    0x20000100        -       0x00000004   Zero   RW           70    .bss.T_control_mode  main.o
    0x20000104        -       0x00000004   Zero   RW           63    .bss.T_lcd_ID       main.o
    0x20000108        -       0x00000004   Zero   RW           64    .bss.T_led_ID1      main.o
    0x2000010c        -       0x00000004   Zero   RW           65    .bss.T_led_ID3      main.o
    0x20000110        -       0x00000002   Zero   RW           57    .bss.freq_buzzer    main.o
    0x20000112        -       0x00000001   Zero   RW           62    .bss.funcao         main.o
    0x20000113   0x08002d8c   0x00000001   PAD
    0x20000114        -       0x00000004   Zero   RW          119    .bss.m_tmr          rtx_conf_cm.o
    0x20000118        -       0x00000001   Zero   RW           59    .bss.mode           main.o
    0x20000119   0x08002d8c   0x00000007   PAD
    0x20000120        -       0x00000588   Zero   RW          126    .bss.mp_stk         rtx_conf_cm.o
    0x200006a8        -       0x000001ac   Zero   RW          125    .bss.mp_tcb         rtx_conf_cm.o
    0x20000854        -       0x00000004   Zero   RW           67    .bss.mutex_id       main.o
    0x20000858        -       0x00000004   Zero   RW          131    .bss.osMessageQId_osTimerMessageQ  rtx_conf_cm.o
    0x2000085c        -       0x00000004   Zero   RW          130    .bss.osThreadId_osTimerThread  rtx_conf_cm.o
    0x20000860        -       0x00000020   Zero   RW          129    .bss.os_active_TCB  rtx_conf_cm.o
    0x20000880        -       0x00000084   Zero   RW          128    .bss.os_fifo        rtx_conf_cm.o
    0x20000904        -       0x00000020   Zero   RW          116    .bss.os_messageQ_q_osTimerMessageQ  rtx_conf_cm.o
    0x20000924        -       0x00000010   Zero   RW           54    .bss.os_mutex_cb_mutex_id  main.o
    0x20000934   0x08002d8c   0x00000004   PAD
    0x20000938        -       0x000001b0   Zero   RW          127    .bss.os_stack_mem   rtx_conf_cm.o
    0x20000ae8        -       0x00000001   Zero   RW           58    .bss.toggleBuzzer   main.o
    0x20000ae9   0x08002d8c   0x00000007   PAD
    0x20000af0        -       0x00000200   Zero   RW          140    HEAP                startup_stm32f10x_md.o
    0x20000cf0        -       0x00000400   Zero   RW          139    STACK               startup_stm32f10x_md.o


==============================================================================

Image component sizes


      Code (inc. data)   RO Data    RW Data    ZI Data      Debug   Object Name

      4016         68        409          6         51       9447   main.o
       232          4         84          0       2484       5572   rtx_conf_cm.o
        64         26        236          0       1536        852   startup_stm32f10x_md.o
       400          0          0          0          0       2908   system_stm32f10x.o

    ----------------------------------------------------------------------
      4740         98        764          6       4092      18779   Object Totals
         0          0         32          0          0          0   (incl. Generated)
        28          0          3          0         21          0   (incl. Padding)

    ----------------------------------------------------------------------

      Code (inc. data)   RO Data    RW Data    ZI Data      Debug   Library Member Name

       238         24          0          1          0       3244   hal_cm.o
       304         36          0          0          0        756   hal_cm3.o
      1568        180          0          8          0      41806   rt_cmsis.o
       272         18          0          0          0       2606   rt_event.o
       530         34          0          0         48       8157   rt_list.o
       554         10          0          0          0       3889   rt_mailbox.o
       140          0          0          0          0       1889   rt_membox.o
       128          0          0          0          0       2267   rt_memory.o
       352         14          0          0          0       2073   rt_mutex.o
        96         22          0          8          0       1134   rt_robin.o
        52          4          0          0          0        565   rt_semaphore.o
       298         52          0          8          0       6139   rt_system.o
      1216        174          0          8         52       9537   rt_task.o
         6          0          0          4          0        636   rt_time.o
         4          4          0          0          0        196   svc_table.o
         8          0          0          0          0         68   __main.o
         0          0          0          0          0          0   __rtentry.o
        20          0          0          0          0          0   __rtentry2.o
         6          0          0          0          0          0   __rtentry4.o
        94          8          0          0          0          0   __scatter.o
        26          0          0          0          0          0   __scatter_copy.o
        28          0          0          0          0          0   __scatter_zi.o
        18          0          0          0          0         80   exit.o
         6          0          0          0          0        152   heapauxi.o
         0          0          0          0          0          0   indicate_semi.o
         2          0          0          0          0          0   libinit.o
         2          0          0          0          0          0   libinit2.o
         2          0          0          0          0          0   libshutdown.o
         2          0          0          0          0          0   libshutdown2.o
         8          4          0          0         96         68   libspace.o
         2          0          0          0          0          0   rtexit.o
        10          0          0          0          0          0   rtexit2.o
        12          4          0          0          0         68   sys_exit.o
        74          0          0          0          0         80   sys_stackheap_outer.o
         2          0          0          0          0         68   use_no_semi.o

    ----------------------------------------------------------------------
      6112        588          0         38        196      85478   Library Totals
        32          0          0          1          0          0   (incl. Padding)

    ----------------------------------------------------------------------

      Code (inc. data)   RO Data    RW Data    ZI Data      Debug   Library Name

      5758        572          0         37        100      84894   RTX_CM3.lib
       322         16          0          0         96        584   c_w.l

    ----------------------------------------------------------------------
      6112        588          0         38        196      85478   Library Totals

    ----------------------------------------------------------------------

==============================================================================


      Code (inc. data)   RO Data    RW Data    ZI Data      Debug   

     10852        686        764         44       4288      99705   Grand Totals
     10852        686        764         44       4288      99705   ELF Image Totals
     10852        686        764         44          0          0   ROM Totals

==============================================================================

    Total RO  Size (Code + RO Data)                11616 (  11.34kB)
    Total RW  Size (RW Data + ZI Data)              4332 (   4.23kB)
    Total ROM Size (Code + RO Data + RW Data)      11660 (  11.39kB)

==============================================================================

